<!DOCTYPE html>
<html lang="en">
  <head>
    <meta charset="utf-8">
    <title>Bokeh Application</title>
    <style>
      html, body {
        box-sizing: border-box;
        display: flow-root;
        height: 100%;
        margin: 0;
        padding: 0;
      }
    </style>
    <script type="text/javascript" src="https://cdn.bokeh.org/bokeh/release/bokeh-3.6.0.min.js"></script>
    <script type="text/javascript">
        Bokeh.set_log_level("info");
    </script>
  </head>
  <body>
    <div id="a5e9a754-abf3-47c1-8722-1ad7489491c3" data-root-id="p4356" style="display: contents;"></div>
  
    <script type="application/json" id="b696b3d9-70de-4797-8649-b8f4621e5dbc">
      {"7e6ff1d4-8e67-479b-bead-974639fdd4e7":{"version":"3.6.0","title":"Bokeh Application","roots":[{"type":"object","name":"Figure","id":"p4356","attributes":{"width":500,"height":500,"x_range":{"type":"object","name":"Range1d","id":"p4407","attributes":{"start":70.77804,"end":196.12758}},"y_range":{"type":"object","name":"Range1d","id":"p4408","attributes":{"end":28.75}},"x_scale":{"type":"object","name":"LinearScale","id":"p4366"},"y_scale":{"type":"object","name":"LinearScale","id":"p4367"},"title":{"type":"object","name":"Title","id":"p4359","attributes":{"text":"Mass Spectrum","text_font_size":"18pt"}},"renderers":[{"type":"object","name":"GlyphRenderer","id":"p4400","attributes":{"data_source":{"type":"object","name":"ColumnDataSource","id":"p4391","attributes":{"selected":{"type":"object","name":"Selection","id":"p4392","attributes":{"indices":[],"line_indices":[]}},"selection_policy":{"type":"object","name":"UnionRenderers","id":"p4393"},"data":{"type":"map","entries":[["index",{"type":"ndarray","array":{"type":"bytes","data":"AAAAAAAAAAAAAAAAAQAAAAEAAAABAAAA"},"shape":[6],"dtype":"int32","order":"little"}],["mz",{"type":"ndarray","array":{"type":"bytes","data":"93XgnBFuZED3deCcEW5kQPd14JwRbmRAY+5aQj4eVkBj7lpCPh5WQGPuWkI+HlZA"},"shape":[6],"dtype":"float64","order":"little"}],["intensity",{"type":"ndarray","array":{"type":"bytes","data":"AAAAABEAAAAAAAAAAAAAABkAAAAAAAAA"},"shape":[6],"dtype":"int32","order":"little"}]]}}},"view":{"type":"object","name":"CDSView","id":"p4401","attributes":{"filter":{"type":"object","name":"AllIndices","id":"p4402"}}},"glyph":{"type":"object","name":"Line","id":"p4397","attributes":{"x":{"type":"field","field":"mz"},"y":{"type":"field","field":"intensity"},"line_color":"#4575B4"}},"nonselection_glyph":{"type":"object","name":"Line","id":"p4398","attributes":{"x":{"type":"field","field":"mz"},"y":{"type":"field","field":"intensity"},"line_color":"#4575B4","line_alpha":0.1}},"muted_glyph":{"type":"object","name":"Line","id":"p4399","attributes":{"x":{"type":"field","field":"mz"},"y":{"type":"field","field":"intensity"},"line_color":"#4575B4","line_alpha":0.2}}}}],"toolbar":{"type":"object","name":"Toolbar","id":"p4365","attributes":{"tools":[{"type":"object","name":"PanTool","id":"p4378"},{"type":"object","name":"WheelZoomTool","id":"p4379","attributes":{"renderers":"auto"}},{"type":"object","name":"BoxZoomTool","id":"p4380","attributes":{"overlay":{"type":"object","name":"BoxAnnotation","id":"p4381","attributes":{"syncable":false,"line_color":"black","line_alpha":1.0,"line_width":2,"line_dash":[4,4],"fill_color":"lightgrey","fill_alpha":0.5,"level":"overlay","visible":false,"left":{"type":"number","value":"nan"},"right":{"type":"number","value":"nan"},"top":{"type":"number","value":"nan"},"bottom":{"type":"number","value":"nan"},"left_units":"canvas","right_units":"canvas","top_units":"canvas","bottom_units":"canvas","handles":{"type":"object","name":"BoxInteractionHandles","id":"p4387","attributes":{"all":{"type":"object","name":"AreaVisuals","id":"p4386","attributes":{"fill_color":"white","hover_fill_color":"lightgray"}}}}}}}},{"type":"object","name":"SaveTool","id":"p4388"},{"type":"object","name":"ResetTool","id":"p4389"},{"type":"object","name":"HelpTool","id":"p4390"},{"type":"object","name":"HoverTool","id":"p4403","attributes":{"renderers":"auto","tooltips":[["m/z","@mz"],["intensity","@intensity"],["native id","@native_id"]]}}]}},"toolbar_location":"above","left":[{"type":"object","name":"LinearAxis","id":"p4373","attributes":{"ticker":{"type":"object","name":"BasicTicker","id":"p4374","attributes":{"mantissas":[1,2,5]}},"formatter":{"type":"object","name":"BasicTickFormatter","id":"p4375"},"axis_label":"Intensity","axis_label_text_font_size":"16pt","major_label_policy":{"type":"object","name":"AllLabels","id":"p4376"},"major_label_text_font_size":"14pt"}}],"below":[{"type":"object","name":"LinearAxis","id":"p4368","attributes":{"ticker":{"type":"object","name":"BasicTicker","id":"p4369","attributes":{"mantissas":[1,2,5]}},"formatter":{"type":"object","name":"BasicTickFormatter","id":"p4370"},"axis_label":"mass-to-charge","axis_label_text_font_size":"16pt","major_label_policy":{"type":"object","name":"AllLabels","id":"p4371"},"major_label_text_font_size":"14pt"}}],"center":[{"type":"object","name":"Grid","id":"p4372","attributes":{"axis":{"id":"p4368"}}},{"type":"object","name":"Grid","id":"p4377","attributes":{"dimension":1,"axis":{"id":"p4373"}}},{"type":"object","name":"Label","id":"p4404","attributes":{"text":"88.4725","text_color":"black","text_font_size":"13pt","x":88.47255,"y":25,"x_offset":1}},{"type":"object","name":"Label","id":"p4405","attributes":{"text":"163.4397","text_color":"black","text_font_size":"13pt","x":163.43965,"y":17,"x_offset":1}},{"type":"object","name":"Span","id":"p4406","attributes":{"location":0,"line_color":"#EEEEEE","line_width":2}}],"min_border":0}}]}}
    </script>
    <script type="text/javascript">
      (function() {
        const fn = function() {
          Bokeh.safely(function() {
            (function(root) {
              function embed_document(root) {
              const docs_json = document.getElementById('b696b3d9-70de-4797-8649-b8f4621e5dbc').textContent;
              const render_items = [{"docid":"7e6ff1d4-8e67-479b-bead-974639fdd4e7","roots":{"p4356":"a5e9a754-abf3-47c1-8722-1ad7489491c3"},"root_ids":["p4356"]}];
              root.Bokeh.embed.embed_items(docs_json, render_items);
              }
              if (root.Bokeh !== undefined) {
                embed_document(root);
              } else {
                let attempts = 0;
                const timer = setInterval(function(root) {
                  if (root.Bokeh !== undefined) {
                    clearInterval(timer);
                    embed_document(root);
                  } else {
                    attempts++;
                    if (attempts > 100) {
                      clearInterval(timer);
                      console.log("Bokeh: ERROR: Unable to run BokehJS code because BokehJS library is missing");
                    }
                  }
                }, 10, root)
              }
            })(window);
          });
        };
        if (document.readyState != "loading") fn();
        else document.addEventListener("DOMContentLoaded", fn);
      })();
    </script>
  </body>
</html>