<!DOCTYPE html>
<html lang="en">
  <head>
    <meta charset="utf-8">
    <title>Bokeh Application</title>
    <style>
      html, body {
        box-sizing: border-box;
        display: flow-root;
        height: 100%;
        margin: 0;
        padding: 0;
      }
    </style>
    <script type="text/javascript" src="https://cdn.bokeh.org/bokeh/release/bokeh-3.6.0.min.js"></script>
    <script type="text/javascript">
        Bokeh.set_log_level("info");
    </script>
  </head>
  <body>
    <div id="a6d09974-5d4e-4222-b36f-84788c8b6869" data-root-id="p4012" style="display: contents;"></div>
  
    <script type="application/json" id="e3b23d40-8c40-4344-8d5f-a9a2adf64de4">
      {"8bdf3764-f374-4a40-a8ee-dfc5082a1a7c":{"version":"3.6.0","title":"Bokeh Application","roots":[{"type":"object","name":"Figure","id":"p4012","attributes":{"width":500,"height":500,"x_range":{"type":"object","name":"Range1d","id":"p4107","attributes":{"start":40.791199999999996,"end":241.10784}},"y_range":{"type":"object","name":"Range1d","id":"p4108","attributes":{"end":115.0}},"x_scale":{"type":"object","name":"LinearScale","id":"p4022"},"y_scale":{"type":"object","name":"LinearScale","id":"p4023"},"title":{"type":"object","name":"Title","id":"p4015","attributes":{"text":"Mass Spectrum","text_font_size":"18pt"}},"renderers":[{"type":"object","name":"GlyphRenderer","id":"p4056","attributes":{"data_source":{"type":"object","name":"ColumnDataSource","id":"p4047","attributes":{"selected":{"type":"object","name":"Selection","id":"p4048","attributes":{"indices":[],"line_indices":[]}},"selection_policy":{"type":"object","name":"UnionRenderers","id":"p4049"},"data":{"type":"map","entries":[["index",{"type":"ndarray","array":{"type":"bytes","data":"AAAAAAAAAAAAAAAAAQAAAAEAAAABAAAABwAAAAcAAAAHAAAACAAAAAgAAAAIAAAA"},"shape":[12],"dtype":"int32","order":"little"}],["mz",{"type":"ndarray","array":{"type":"bytes","data":"O99PjZd+SUA730+Nl35JQDvfT42XfklAY3/ZPXmIUkBjf9k9eYhSQGN/2T15iFJAWvW52ooNaUBa9bnaig1pQFr1udqKDWlAWvW52oodaUBa9bnaih1pQFr1udqKHWlA"},"shape":[12],"dtype":"float64","order":"little"}],["intensity",{"type":"ndarray","array":{"type":"bytes","data":"AAAAAAAAAAAAAAAAAABEQAAAAAAAAAAAAAAAAAAAAAAAAAAAAABUQAAAAAAAAAAAAAAAAAAAAAAAAAAAAABRQAAAAAAAAAAAAAAAAAAAAAABAAAAAAA8QAAAAAAAAAAA"},"shape":[12],"dtype":"float64","order":"little"}],["color_annotation",{"type":"ndarray","array":["blue","blue","blue","blue","blue","blue","blue","blue","blue","blue","blue","blue"],"shape":[12],"dtype":"object","order":"little"}]]}}},"view":{"type":"object","name":"CDSView","id":"p4057","attributes":{"filter":{"type":"object","name":"AllIndices","id":"p4058"}}},"glyph":{"type":"object","name":"Line","id":"p4053","attributes":{"x":{"type":"field","field":"mz"},"y":{"type":"field","field":"intensity"},"line_color":"blue"}},"nonselection_glyph":{"type":"object","name":"Line","id":"p4054","attributes":{"x":{"type":"field","field":"mz"},"y":{"type":"field","field":"intensity"},"line_color":"blue","line_alpha":0.1}},"muted_glyph":{"type":"object","name":"Line","id":"p4055","attributes":{"x":{"type":"field","field":"mz"},"y":{"type":"field","field":"intensity"},"line_color":"blue","line_alpha":0.2}}}},{"type":"object","name":"GlyphRenderer","id":"p4068","attributes":{"data_source":{"type":"object","name":"ColumnDataSource","id":"p4059","attributes":{"selected":{"type":"object","name":"Selection","id":"p4060","attributes":{"indices":[],"line_indices":[]}},"selection_policy":{"type":"object","name":"UnionRenderers","id":"p4061"},"data":{"type":"map","entries":[["index",{"type":"ndarray","array":{"type":"bytes","data":"AgAAAAIAAAACAAAA"},"shape":[3],"dtype":"int32","order":"little"}],["mz",{"type":"ndarray","array":{"type":"bytes","data":"io7k8h8iWUCKjuTyHyJZQIqO5PIfIllA"},"shape":[3],"dtype":"float64","order":"little"}],["intensity",{"type":"ndarray","array":{"type":"bytes","data":"AAAAAAAAAAAAAAAAAABZQAAAAAAAAAAA"},"shape":[3],"dtype":"float64","order":"little"}],["color_annotation",{"type":"ndarray","array":["red","red","red"],"shape":[3],"dtype":"object","order":"little"}]]}}},"view":{"type":"object","name":"CDSView","id":"p4069","attributes":{"filter":{"type":"object","name":"AllIndices","id":"p4070"}}},"glyph":{"type":"object","name":"Line","id":"p4065","attributes":{"x":{"type":"field","field":"mz"},"y":{"type":"field","field":"intensity"},"line_color":"red"}},"nonselection_glyph":{"type":"object","name":"Line","id":"p4066","attributes":{"x":{"type":"field","field":"mz"},"y":{"type":"field","field":"intensity"},"line_color":"red","line_alpha":0.1}},"muted_glyph":{"type":"object","name":"Line","id":"p4067","attributes":{"x":{"type":"field","field":"mz"},"y":{"type":"field","field":"intensity"},"line_color":"red","line_alpha":0.2}}}},{"type":"object","name":"GlyphRenderer","id":"p4080","attributes":{"data_source":{"type":"object","name":"ColumnDataSource","id":"p4071","attributes":{"selected":{"type":"object","name":"Selection","id":"p4072","attributes":{"indices":[],"line_indices":[]}},"selection_policy":{"type":"object","name":"UnionRenderers","id":"p4073"},"data":{"type":"map","entries":[["index",{"type":"ndarray","array":{"type":"bytes","data":"AwAAAAMAAAADAAAABQAAAAUAAAAFAAAA"},"shape":[6],"dtype":"int32","order":"little"}],["mz",{"type":"ndarray","array":{"type":"bytes","data":"exSuR+FiWUB7FK5H4WJZQHsUrkfhYllAZmZmZmYGZEBmZmZmZgZkQGZmZmZmBmRA"},"shape":[6],"dtype":"float64","order":"little"}],["intensity",{"type":"ndarray","array":{"type":"bytes","data":"AAAAAAAAAAAAAAAAAABIQAAAAAAAAAAAAAAAAAAAAAAAAAAAAABKQAAAAAAAAAAA"},"shape":[6],"dtype":"float64","order":"little"}],["color_annotation",{"type":"ndarray","array":["green","green","green","green","green","green"],"shape":[6],"dtype":"object","order":"little"}]]}}},"view":{"type":"object","name":"CDSView","id":"p4081","attributes":{"filter":{"type":"object","name":"AllIndices","id":"p4082"}}},"glyph":{"type":"object","name":"Line","id":"p4077","attributes":{"x":{"type":"field","field":"mz"},"y":{"type":"field","field":"intensity"},"line_color":"green"}},"nonselection_glyph":{"type":"object","name":"Line","id":"p4078","attributes":{"x":{"type":"field","field":"mz"},"y":{"type":"field","field":"intensity"},"line_color":"green","line_alpha":0.1}},"muted_glyph":{"type":"object","name":"Line","id":"p4079","attributes":{"x":{"type":"field","field":"mz"},"y":{"type":"field","field":"intensity"},"line_color":"green","line_alpha":0.2}}}},{"type":"object","name":"GlyphRenderer","id":"p4092","attributes":{"data_source":{"type":"object","name":"ColumnDataSource","id":"p4083","attributes":{"selected":{"type":"object","name":"Selection","id":"p4084","attributes":{"indices":[],"line_indices":[]}},"selection_policy":{"type":"object","name":"UnionRenderers","id":"p4085"},"data":{"type":"map","entries":[["index",{"type":"ndarray","array":{"type":"bytes","data":"BAAAAAQAAAAEAAAABgAAAAYAAAAGAAAA"},"shape":[6],"dtype":"int32","order":"little"}],["mz",{"type":"ndarray","array":{"type":"bytes","data":"LpCg+DGiWUAukKD4MaJZQC6QoPgxollAsp3vp8b/ZUCyne+nxv9lQLKd76fG/2VA"},"shape":[6],"dtype":"float64","order":"little"}],["intensity",{"type":"ndarray","array":{"type":"bytes","data":"AAAAAAAAAAAAAAAAAAA4QAAAAAAAAAAAAAAAAAAAAAAAAAAAAABAQAAAAAAAAAAA"},"shape":[6],"dtype":"float64","order":"little"}],["color_annotation",{"type":"ndarray","array":["yellow","yellow","yellow","yellow","yellow","yellow"],"shape":[6],"dtype":"object","order":"little"}]]}}},"view":{"type":"object","name":"CDSView","id":"p4093","attributes":{"filter":{"type":"object","name":"AllIndices","id":"p4094"}}},"glyph":{"type":"object","name":"Line","id":"p4089","attributes":{"x":{"type":"field","field":"mz"},"y":{"type":"field","field":"intensity"},"line_color":"yellow"}},"nonselection_glyph":{"type":"object","name":"Line","id":"p4090","attributes":{"x":{"type":"field","field":"mz"},"y":{"type":"field","field":"intensity"},"line_color":"yellow","line_alpha":0.1}},"muted_glyph":{"type":"object","name":"Line","id":"p4091","attributes":{"x":{"type":"field","field":"mz"},"y":{"type":"field","field":"intensity"},"line_color":"yellow","line_alpha":0.2}}}}],"toolbar":{"type":"object","name":"Toolbar","id":"p4021","attributes":{"tools":[{"type":"object","name":"PanTool","id":"p4034"},{"type":"object","name":"WheelZoomTool","id":"p4035","attributes":{"renderers":"auto"}},{"type":"object","name":"BoxZoomTool","id":"p4036","attributes":{"overlay":{"type":"object","name":"BoxAnnotation","id":"p4037","attributes":{"syncable":false,"line_color":"black","line_alpha":1.0,"line_width":2,"line_dash":[4,4],"fill_color":"lightgrey","fill_alpha":0.5,"level":"overlay","visible":false,"left":{"type":"number","value":"nan"},"right":{"type":"number","value":"nan"},"top":{"type":"number","value":"nan"},"bottom":{"type":"number","value":"nan"},"left_units":"canvas","right_units":"canvas","top_units":"canvas","bottom_units":"canvas","handles":{"type":"object","name":"BoxInteractionHandles","id":"p4043","attributes":{"all":{"type":"object","name":"AreaVisuals","id":"p4042","attributes":{"fill_color":"white","hover_fill_color":"lightgray"}}}}}}}},{"type":"object","name":"SaveTool","id":"p4044"},{"type":"object","name":"ResetTool","id":"p4045"},{"type":"object","name":"HelpTool","id":"p4046"},{"type":"object","name":"HoverTool","id":"p4100","attributes":{"renderers":"auto","tooltips":[["m/z","@mz"],["intensity","@intensity"],["native id","@native_id"]]}}]}},"toolbar_location":"above","left":[{"type":"object","name":"LinearAxis","id":"p4029","attributes":{"ticker":{"type":"object","name":"BasicTicker","id":"p4030","attributes":{"mantissas":[1,2,5]}},"formatter":{"type":"object","name":"BasicTickFormatter","id":"p4031"},"axis_label":"Intensity","axis_label_text_font_size":"16pt","major_label_policy":{"type":"object","name":"AllLabels","id":"p4032"},"major_label_text_font_size":"14pt"}}],"right":[{"type":"object","name":"Legend","id":"p4095","attributes":{"title":"Trace","click_policy":"mute","label_text_font_size":"10pt","items":[{"type":"object","name":"LegendItem","id":"p4096","attributes":{"label":{"type":"value","value":"blue"},"renderers":[{"id":"p4056"}]}},{"type":"object","name":"LegendItem","id":"p4097","attributes":{"label":{"type":"value","value":"red"},"renderers":[{"id":"p4068"}]}},{"type":"object","name":"LegendItem","id":"p4098","attributes":{"label":{"type":"value","value":"green"},"renderers":[{"id":"p4080"}]}},{"type":"object","name":"LegendItem","id":"p4099","attributes":{"label":{"type":"value","value":"yellow"},"renderers":[{"id":"p4092"}]}}]}}],"below":[{"type":"object","name":"LinearAxis","id":"p4024","attributes":{"ticker":{"type":"object","name":"BasicTicker","id":"p4025","attributes":{"mantissas":[1,2,5]}},"formatter":{"type":"object","name":"BasicTickFormatter","id":"p4026"},"axis_label":"mass-to-charge","axis_label_text_font_size":"16pt","major_label_policy":{"type":"object","name":"AllLabels","id":"p4027"},"major_label_text_font_size":"14pt"}}],"center":[{"type":"object","name":"Grid","id":"p4028","attributes":{"axis":{"id":"p4024"}}},{"type":"object","name":"Grid","id":"p4033","attributes":{"dimension":1,"axis":{"id":"p4029"}}},{"type":"object","name":"Label","id":"p4101","attributes":{"text":"100.5332","text_color":"black","text_font_size":"13pt","x":100.5332,"y":100.0,"x_offset":1}},{"type":"object","name":"Label","id":"p4102","attributes":{"text":"74.1324","text_color":"black","text_font_size":"13pt","x":74.1324,"y":80.0,"x_offset":1}},{"type":"object","name":"Label","id":"p4103","attributes":{"text":"200.4232","text_color":"black","text_font_size":"13pt","x":200.4232,"y":68.0,"x_offset":1}},{"type":"object","name":"Label","id":"p4104","attributes":{"text":"160.2","text_color":"black","text_font_size":"13pt","x":160.2,"y":52.0,"x_offset":1}},{"type":"object","name":"Label","id":"p4105","attributes":{"text":"101.545","text_color":"black","text_font_size":"13pt","x":101.545,"y":48.0,"x_offset":1}},{"type":"object","name":"Span","id":"p4106","attributes":{"location":0,"line_color":"#EEEEEE","line_width":2}}],"min_border":0}}]}}
    </script>
    <script type="text/javascript">
      (function() {
        const fn = function() {
          Bokeh.safely(function() {
            (function(root) {
              function embed_document(root) {
              const docs_json = document.getElementById('e3b23d40-8c40-4344-8d5f-a9a2adf64de4').textContent;
              const render_items = [{"docid":"8bdf3764-f374-4a40-a8ee-dfc5082a1a7c","roots":{"p4012":"a6d09974-5d4e-4222-b36f-84788c8b6869"},"root_ids":["p4012"]}];
              root.Bokeh.embed.embed_items(docs_json, render_items);
              }
              if (root.Bokeh !== undefined) {
                embed_document(root);
              } else {
                let attempts = 0;
                const timer = setInterval(function(root) {
                  if (root.Bokeh !== undefined) {
                    clearInterval(timer);
                    embed_document(root);
                  } else {
                    attempts++;
                    if (attempts > 100) {
                      clearInterval(timer);
                      console.log("Bokeh: ERROR: Unable to run BokehJS code because BokehJS library is missing");
                    }
                  }
                }, 10, root)
              }
            })(window);
          });
        };
        if (document.readyState != "loading") fn();
        else document.addEventListener("DOMContentLoaded", fn);
      })();
    </script>
  </body>
</html>