<!DOCTYPE html>
<html lang="en">
  <head>
    <meta charset="utf-8">
    <title>Bokeh Application</title>
    <style>
      html, body {
        box-sizing: border-box;
        display: flow-root;
        height: 100%;
        margin: 0;
        padding: 0;
      }
    </style>
    <script type="text/javascript" src="https://cdn.bokeh.org/bokeh/release/bokeh-3.6.0.min.js"></script>
    <script type="text/javascript">
        Bokeh.set_log_level("info");
    </script>
  </head>
  <body>
    <div id="d446150a-1774-43ca-88d0-26feeeb60fdf" data-root-id="p4550" style="display: contents;"></div>
  
    <script type="application/json" id="cdc21736-c186-499f-9b81-6885bae21f5b">
      {"661720ed-0346-4d65-b6aa-3d3f9cee3cb0":{"version":"3.6.0","title":"Bokeh Application","roots":[{"type":"object","name":"Figure","id":"p4550","attributes":{"width":500,"height":500,"x_range":{"type":"object","name":"Range1d","id":"p4671","attributes":{"start":40.791199999999996,"end":241.10784}},"y_range":{"type":"object","name":"Range1d","id":"p4672","attributes":{"end":28.75}},"x_scale":{"type":"object","name":"LinearScale","id":"p4560"},"y_scale":{"type":"object","name":"LinearScale","id":"p4561"},"title":{"type":"object","name":"Title","id":"p4553","attributes":{"text":"Mass Spectrum","text_font_size":"18pt"}},"renderers":[{"type":"object","name":"GlyphRenderer","id":"p4594","attributes":{"data_source":{"type":"object","name":"ColumnDataSource","id":"p4585","attributes":{"selected":{"type":"object","name":"Selection","id":"p4586","attributes":{"indices":[],"line_indices":[]}},"selection_policy":{"type":"object","name":"UnionRenderers","id":"p4587"},"data":{"type":"map","entries":[["index",{"type":"ndarray","array":{"type":"bytes","data":"AAAAAAAAAAAAAAAA"},"shape":[3],"dtype":"int32","order":"little"}],["mz",{"type":"ndarray","array":{"type":"bytes","data":"O99PjZd+SUA730+Nl35JQDvfT42XfklA"},"shape":[3],"dtype":"float64","order":"little"}],["intensity",{"type":"ndarray","array":{"type":"bytes","data":"AAAAAAoAAAAAAAAA"},"shape":[3],"dtype":"int32","order":"little"}],["ion_annotation",{"type":"ndarray","array":["a+","a+","a+"],"shape":[3],"dtype":"object","order":"little"}]]}}},"view":{"type":"object","name":"CDSView","id":"p4595","attributes":{"filter":{"type":"object","name":"AllIndices","id":"p4596"}}},"glyph":{"type":"object","name":"Line","id":"p4591","attributes":{"x":{"type":"field","field":"mz"},"y":{"type":"field","field":"intensity"},"line_color":"#7B2C65"}},"nonselection_glyph":{"type":"object","name":"Line","id":"p4592","attributes":{"x":{"type":"field","field":"mz"},"y":{"type":"field","field":"intensity"},"line_color":"#7B2C65","line_alpha":0.1}},"muted_glyph":{"type":"object","name":"Line","id":"p4593","attributes":{"x":{"type":"field","field":"mz"},"y":{"type":"field","field":"intensity"},"line_color":"#7B2C65","line_alpha":0.2}}}},{"type":"object","name":"GlyphRenderer","id":"p4606","attributes":{"data_source":{"type":"object","name":"ColumnDataSource","id":"p4597","attributes":{"selected":{"type":"object","name":"Selection","id":"p4598","attributes":{"indices":[],"line_indices":[]}},"selection_policy":{"type":"object","name":"UnionRenderers","id":"p4599"},"data":{"type":"map","entries":[["index",{"type":"ndarray","array":{"type":"bytes","data":"AQAAAAEAAAABAAAA"},"shape":[3],"dtype":"int32","order":"little"}],["mz",{"type":"ndarray","array":{"type":"bytes","data":"Y3/ZPXmIUkBjf9k9eYhSQGN/2T15iFJA"},"shape":[3],"dtype":"float64","order":"little"}],["intensity",{"type":"ndarray","array":{"type":"bytes","data":"AAAAABQAAAAAAAAA"},"shape":[3],"dtype":"int32","order":"little"}],["ion_annotation",{"type":"ndarray","array":["b3+","b3+","b3+"],"shape":[3],"dtype":"object","order":"little"}]]}}},"view":{"type":"object","name":"CDSView","id":"p4607","attributes":{"filter":{"type":"object","name":"AllIndices","id":"p4608"}}},"glyph":{"type":"object","name":"Line","id":"p4603","attributes":{"x":{"type":"field","field":"mz"},"y":{"type":"field","field":"intensity"},"line_color":"#4575B4"}},"nonselection_glyph":{"type":"object","name":"Line","id":"p4604","attributes":{"x":{"type":"field","field":"mz"},"y":{"type":"field","field":"intensity"},"line_color":"#4575B4","line_alpha":0.1}},"muted_glyph":{"type":"object","name":"Line","id":"p4605","attributes":{"x":{"type":"field","field":"mz"},"y":{"type":"field","field":"intensity"},"line_color":"#4575B4","line_alpha":0.2}}}},{"type":"object","name":"GlyphRenderer","id":"p4618","attributes":{"data_source":{"type":"object","name":"ColumnDataSource","id":"p4609","attributes":{"selected":{"type":"object","name":"Selection","id":"p4610","attributes":{"indices":[],"line_indices":[]}},"selection_policy":{"type":"object","name":"UnionRenderers","id":"p4611"},"data":{"type":"map","entries":[["index",{"type":"ndarray","array":{"type":"bytes","data":"AgAAAAIAAAACAAAAAwAAAAMAAAADAAAABAAAAAQAAAAEAAAA"},"shape":[9],"dtype":"int32","order":"little"}],["mz",{"type":"ndarray","array":{"type":"bytes","data":"io7k8h8iWUCKjuTyHyJZQIqO5PIfIllAexSuR+FiWUB7FK5H4WJZQHsUrkfhYllALpCg+DGiWUAukKD4MaJZQC6QoPgxollA"},"shape":[9],"dtype":"float64","order":"little"}],["intensity",{"type":"ndarray","array":{"type":"bytes","data":"AAAAABkAAAAAAAAAAAAAAAwAAAAAAAAAAAAAAAYAAAAAAAAA"},"shape":[9],"dtype":"int32","order":"little"}],["ion_annotation",{"type":"ndarray","array":["c5+","c5+","c5+","c5+","c5+","c5+","c5+","c5+","c5+"],"shape":[9],"dtype":"object","order":"little"}]]}}},"view":{"type":"object","name":"CDSView","id":"p4619","attributes":{"filter":{"type":"object","name":"AllIndices","id":"p4620"}}},"glyph":{"type":"object","name":"Line","id":"p4615","attributes":{"x":{"type":"field","field":"mz"},"y":{"type":"field","field":"intensity"},"line_color":"#91BFDB"}},"nonselection_glyph":{"type":"object","name":"Line","id":"p4616","attributes":{"x":{"type":"field","field":"mz"},"y":{"type":"field","field":"intensity"},"line_color":"#91BFDB","line_alpha":0.1}},"muted_glyph":{"type":"object","name":"Line","id":"p4617","attributes":{"x":{"type":"field","field":"mz"},"y":{"type":"field","field":"intensity"},"line_color":"#91BFDB","line_alpha":0.2}}}},{"type":"object","name":"GlyphRenderer","id":"p4630","attributes":{"data_source":{"type":"object","name":"ColumnDataSource","id":"p4621","attributes":{"selected":{"type":"object","name":"Selection","id":"p4622","attributes":{"indices":[],"line_indices":[]}},"selection_policy":{"type":"object","name":"UnionRenderers","id":"p4623"},"data":{"type":"map","entries":[["index",{"type":"ndarray","array":{"type":"bytes","data":"BQAAAAUAAAAFAAAA"},"shape":[3],"dtype":"int32","order":"little"}],["mz",{"type":"ndarray","array":{"type":"bytes","data":"ZmZmZmYGZEBmZmZmZgZkQGZmZmZmBmRA"},"shape":[3],"dtype":"float64","order":"little"}],["intensity",{"type":"ndarray","array":{"type":"bytes","data":"AAAAAA0AAAAAAAAA"},"shape":[3],"dtype":"int32","order":"little"}],["ion_annotation",{"type":"ndarray","array":["y9+","y9+","y9+"],"shape":[3],"dtype":"object","order":"little"}]]}}},"view":{"type":"object","name":"CDSView","id":"p4631","attributes":{"filter":{"type":"object","name":"AllIndices","id":"p4632"}}},"glyph":{"type":"object","name":"Line","id":"p4627","attributes":{"x":{"type":"field","field":"mz"},"y":{"type":"field","field":"intensity"},"line_color":"#D73027"}},"nonselection_glyph":{"type":"object","name":"Line","id":"p4628","attributes":{"x":{"type":"field","field":"mz"},"y":{"type":"field","field":"intensity"},"line_color":"#D73027","line_alpha":0.1}},"muted_glyph":{"type":"object","name":"Line","id":"p4629","attributes":{"x":{"type":"field","field":"mz"},"y":{"type":"field","field":"intensity"},"line_color":"#D73027","line_alpha":0.2}}}},{"type":"object","name":"GlyphRenderer","id":"p4642","attributes":{"data_source":{"type":"object","name":"ColumnDataSource","id":"p4633","attributes":{"selected":{"type":"object","name":"Selection","id":"p4634","attributes":{"indices":[],"line_indices":[]}},"selection_policy":{"type":"object","name":"UnionRenderers","id":"p4635"},"data":{"type":"map","entries":[["index",{"type":"ndarray","array":{"type":"bytes","data":"BgAAAAYAAAAGAAAA"},"shape":[3],"dtype":"int32","order":"little"}],["mz",{"type":"ndarray","array":{"type":"bytes","data":"sp3vp8b/ZUCyne+nxv9lQLKd76fG/2VA"},"shape":[3],"dtype":"float64","order":"little"}],["intensity",{"type":"ndarray","array":{"type":"bytes","data":"AAAAAAgAAAAAAAAA"},"shape":[3],"dtype":"int32","order":"little"}],["ion_annotation",{"type":"ndarray","array":["z3+","z3+","z3+"],"shape":[3],"dtype":"object","order":"little"}]]}}},"view":{"type":"object","name":"CDSView","id":"p4643","attributes":{"filter":{"type":"object","name":"AllIndices","id":"p4644"}}},"glyph":{"type":"object","name":"Line","id":"p4639","attributes":{"x":{"type":"field","field":"mz"},"y":{"type":"field","field":"intensity"},"line_color":"#FC8D59"}},"nonselection_glyph":{"type":"object","name":"Line","id":"p4640","attributes":{"x":{"type":"field","field":"mz"},"y":{"type":"field","field":"intensity"},"line_color":"#FC8D59","line_alpha":0.1}},"muted_glyph":{"type":"object","name":"Line","id":"p4641","attributes":{"x":{"type":"field","field":"mz"},"y":{"type":"field","field":"intensity"},"line_color":"#FC8D59","line_alpha":0.2}}}},{"type":"object","name":"GlyphRenderer","id":"p4654","attributes":{"data_source":{"type":"object","name":"ColumnDataSource","id":"p4645","attributes":{"selected":{"type":"object","name":"Selection","id":"p4646","attributes":{"indices":[],"line_indices":[]}},"selection_policy":{"type":"object","name":"UnionRenderers","id":"p4647"},"data":{"type":"map","entries":[["index",{"type":"ndarray","array":{"type":"bytes","data":"BwAAAAcAAAAHAAAACAAAAAgAAAAIAAAA"},"shape":[6],"dtype":"int32","order":"little"}],["mz",{"type":"ndarray","array":{"type":"bytes","data":"WvW52ooNaUBa9bnaig1pQFr1udqKDWlAWvW52oodaUBa9bnaih1pQFr1udqKHWlA"},"shape":[6],"dtype":"float64","order":"little"}],["intensity",{"type":"ndarray","array":{"type":"bytes","data":"AAAAABEAAAAAAAAAAAAAAAcAAAAAAAAA"},"shape":[6],"dtype":"int32","order":"little"}],["ion_annotation",{"type":"ndarray","array":["x4+","x4+","x4+","x4+","x4+","x4+"],"shape":[6],"dtype":"object","order":"little"}]]}}},"view":{"type":"object","name":"CDSView","id":"p4655","attributes":{"filter":{"type":"object","name":"AllIndices","id":"p4656"}}},"glyph":{"type":"object","name":"Line","id":"p4651","attributes":{"x":{"type":"field","field":"mz"},"y":{"type":"field","field":"intensity"},"line_color":"#FCCF53"}},"nonselection_glyph":{"type":"object","name":"Line","id":"p4652","attributes":{"x":{"type":"field","field":"mz"},"y":{"type":"field","field":"intensity"},"line_color":"#FCCF53","line_alpha":0.1}},"muted_glyph":{"type":"object","name":"Line","id":"p4653","attributes":{"x":{"type":"field","field":"mz"},"y":{"type":"field","field":"intensity"},"line_color":"#FCCF53","line_alpha":0.2}}}}],"toolbar":{"type":"object","name":"Toolbar","id":"p4559","attributes":{"tools":[{"type":"object","name":"PanTool","id":"p4572"},{"type":"object","name":"WheelZoomTool","id":"p4573","attributes":{"renderers":"auto"}},{"type":"object","name":"BoxZoomTool","id":"p4574","attributes":{"overlay":{"type":"object","name":"BoxAnnotation","id":"p4575","attributes":{"syncable":false,"line_color":"black","line_alpha":1.0,"line_width":2,"line_dash":[4,4],"fill_color":"lightgrey","fill_alpha":0.5,"level":"overlay","visible":false,"left":{"type":"number","value":"nan"},"right":{"type":"number","value":"nan"},"top":{"type":"number","value":"nan"},"bottom":{"type":"number","value":"nan"},"left_units":"canvas","right_units":"canvas","top_units":"canvas","bottom_units":"canvas","handles":{"type":"object","name":"BoxInteractionHandles","id":"p4581","attributes":{"all":{"type":"object","name":"AreaVisuals","id":"p4580","attributes":{"fill_color":"white","hover_fill_color":"lightgray"}}}}}}}},{"type":"object","name":"SaveTool","id":"p4582"},{"type":"object","name":"ResetTool","id":"p4583"},{"type":"object","name":"HelpTool","id":"p4584"},{"type":"object","name":"HoverTool","id":"p4664","attributes":{"renderers":"auto","tooltips":[["m/z","@mz"],["intensity","@intensity"],["native id","@native_id"],["ion annotation","@ion_annotation"]]}}]}},"toolbar_location":"above","left":[{"type":"object","name":"LinearAxis","id":"p4567","attributes":{"ticker":{"type":"object","name":"BasicTicker","id":"p4568","attributes":{"mantissas":[1,2,5]}},"formatter":{"type":"object","name":"BasicTickFormatter","id":"p4569"},"axis_label":"Intensity","axis_label_text_font_size":"16pt","major_label_policy":{"type":"object","name":"AllLabels","id":"p4570"},"major_label_text_font_size":"14pt"}}],"right":[{"type":"object","name":"Legend","id":"p4657","attributes":{"title":"Trace","click_policy":"mute","label_text_font_size":"10pt","items":[{"type":"object","name":"LegendItem","id":"p4658","attributes":{"label":{"type":"value","value":"a+"},"renderers":[{"id":"p4594"}]}},{"type":"object","name":"LegendItem","id":"p4659","attributes":{"label":{"type":"value","value":"b3+"},"renderers":[{"id":"p4606"}]}},{"type":"object","name":"LegendItem","id":"p4660","attributes":{"label":{"type":"value","value":"c5+"},"renderers":[{"id":"p4618"}]}},{"type":"object","name":"LegendItem","id":"p4661","attributes":{"label":{"type":"value","value":"y9+"},"renderers":[{"id":"p4630"}]}},{"type":"object","name":"LegendItem","id":"p4662","attributes":{"label":{"type":"value","value":"z3+"},"renderers":[{"id":"p4642"}]}},{"type":"object","name":"LegendItem","id":"p4663","attributes":{"label":{"type":"value","value":"x4+"},"renderers":[{"id":"p4654"}]}}]}}],"below":[{"type":"object","name":"LinearAxis","id":"p4562","attributes":{"ticker":{"type":"object","name":"BasicTicker","id":"p4563","attributes":{"mantissas":[1,2,5]}},"formatter":{"type":"object","name":"BasicTickFormatter","id":"p4564"},"axis_label":"mass-to-charge","axis_label_text_font_size":"16pt","major_label_policy":{"type":"object","name":"AllLabels","id":"p4565"},"major_label_text_font_size":"14pt"}}],"center":[{"type":"object","name":"Grid","id":"p4566","attributes":{"axis":{"id":"p4562"}}},{"type":"object","name":"Grid","id":"p4571","attributes":{"dimension":1,"axis":{"id":"p4567"}}},{"type":"object","name":"Label","id":"p4665","attributes":{"text":"100.5332\nc5+","text_color":"black","text_font_size":"13pt","x":100.5332,"y":25,"x_offset":1}},{"type":"object","name":"Label","id":"p4666","attributes":{"text":"74.1324\nb3+","text_color":"black","text_font_size":"13pt","x":74.1324,"y":20,"x_offset":1}},{"type":"object","name":"Label","id":"p4667","attributes":{"text":"200.4232\nx4+","text_color":"black","text_font_size":"13pt","x":200.4232,"y":17,"x_offset":1}},{"type":"object","name":"Label","id":"p4668","attributes":{"text":"160.2\ny9+","text_color":"black","text_font_size":"13pt","x":160.2,"y":13,"x_offset":1}},{"type":"object","name":"Label","id":"p4669","attributes":{"text":"101.545\nc5+","text_color":"black","text_font_size":"13pt","x":101.545,"y":12,"x_offset":1}},{"type":"object","name":"Span","id":"p4670","attributes":{"location":0,"line_color":"#EEEEEE","line_width":2}}],"min_border":0}}]}}
    </script>
    <script type="text/javascript">
      (function() {
        const fn = function() {
          Bokeh.safely(function() {
            (function(root) {
              function embed_document(root) {
              const docs_json = document.getElementById('cdc21736-c186-499f-9b81-6885bae21f5b').textContent;
              const render_items = [{"docid":"661720ed-0346-4d65-b6aa-3d3f9cee3cb0","roots":{"p4550":"d446150a-1774-43ca-88d0-26feeeb60fdf"},"root_ids":["p4550"]}];
              root.Bokeh.embed.embed_items(docs_json, render_items);
              }
              if (root.Bokeh !== undefined) {
                embed_document(root);
              } else {
                let attempts = 0;
                const timer = setInterval(function(root) {
                  if (root.Bokeh !== undefined) {
                    clearInterval(timer);
                    embed_document(root);
                  } else {
                    attempts++;
                    if (attempts > 100) {
                      clearInterval(timer);
                      console.log("Bokeh: ERROR: Unable to run BokehJS code because BokehJS library is missing");
                    }
                  }
                }, 10, root)
              }
            })(window);
          });
        };
        if (document.readyState != "loading") fn();
        else document.addEventListener("DOMContentLoaded", fn);
      })();
    </script>
  </body>
</html>