<!DOCTYPE html>
<html lang="en">
  <head>
    <meta charset="utf-8">
    <title>Bokeh Application</title>
    <style>
      html, body {
        box-sizing: border-box;
        display: flow-root;
        height: 100%;
        margin: 0;
        padding: 0;
      }
    </style>
    <script type="text/javascript" src="https://cdn.bokeh.org/bokeh/release/bokeh-3.6.0.min.js"></script>
    <script type="text/javascript">
        Bokeh.set_log_level("info");
    </script>
  </head>
  <body>
    <div id="c091c6de-29bf-4346-b8d5-2c1f28f63bdc" data-root-id="p2766" style="display: contents;"></div>
  
    <script type="application/json" id="db7c0a0e-7f48-4314-b147-dd6b3a590fe9">
      {"c42c0fdb-5e0d-4fae-b908-202576ee4852":{"version":"3.6.0","title":"Bokeh Application","roots":[{"type":"object","name":"Figure","id":"p2766","attributes":{"width":500,"height":500,"x_range":{"type":"object","name":"Range1d","id":"p2820","attributes":{"start":43.78988,"end":236.60981999999998}},"y_range":{"type":"object","name":"Range1d","id":"p2821","attributes":{"end":28.75}},"x_scale":{"type":"object","name":"LinearScale","id":"p2776"},"y_scale":{"type":"object","name":"LinearScale","id":"p2777"},"title":{"type":"object","name":"Title","id":"p2769","attributes":{"text":"Mass Spectrum","text_font_size":"18pt"}},"renderers":[{"type":"object","name":"GlyphRenderer","id":"p2810","attributes":{"data_source":{"type":"object","name":"ColumnDataSource","id":"p2801","attributes":{"selected":{"type":"object","name":"Selection","id":"p2802","attributes":{"indices":[],"line_indices":[]}},"selection_policy":{"type":"object","name":"UnionRenderers","id":"p2803"},"data":{"type":"map","entries":[["index",{"type":"ndarray","array":{"type":"bytes","data":"AAAAAAAAAAAAAAAAAQAAAAEAAAABAAAAAgAAAAIAAAACAAAAAwAAAAMAAAADAAAABAAAAAQAAAAEAAAABQAAAAUAAAAFAAAA"},"shape":[18],"dtype":"int32","order":"little"}],["mz",{"type":"ndarray","array":{"type":"bytes","data":"MnctIR/2Y0Aydy0hH/ZjQDJ3LSEf9mNA9P3UeOnVZUD0/dR46dVlQPT91Hjp1WVAlPYGX5ilaECU9gZfmKVoQJT2Bl+YpWhAUdobfGFeS0BR2ht8YV5LQFHaG3xhXktAat5xio5OU0Bq3nGKjk5TQGrecYqOTlNAXP5D+u3tWEBc/kP67e1YQFz+Q/rt7VhA"},"shape":[18],"dtype":"float64","order":"little"}],["intensity",{"type":"ndarray","array":{"type":"bytes","data":"AAAAAA0AAAAAAAAAAAAAAAgAAAAAAAAAAAAAABEAAAAAAAAAAAAAAAoAAAAAAAAAAAAAABQAAAAAAAAAAAAAABkAAAAAAAAA"},"shape":[18],"dtype":"int32","order":"little"}]]}}},"view":{"type":"object","name":"CDSView","id":"p2811","attributes":{"filter":{"type":"object","name":"AllIndices","id":"p2812"}}},"glyph":{"type":"object","name":"Line","id":"p2807","attributes":{"x":{"type":"field","field":"mz"},"y":{"type":"field","field":"intensity"},"line_color":"#4575B4"}},"nonselection_glyph":{"type":"object","name":"Line","id":"p2808","attributes":{"x":{"type":"field","field":"mz"},"y":{"type":"field","field":"intensity"},"line_color":"#4575B4","line_alpha":0.1}},"muted_glyph":{"type":"object","name":"Line","id":"p2809","attributes":{"x":{"type":"field","field":"mz"},"y":{"type":"field","field":"intensity"},"line_color":"#4575B4","line_alpha":0.2}}}}],"toolbar":{"type":"object","name":"Toolbar","id":"p2775","attributes":{"tools":[{"type":"object","name":"PanTool","id":"p2788"},{"type":"object","name":"WheelZoomTool","id":"p2789","attributes":{"renderers":"auto"}},{"type":"object","name":"BoxZoomTool","id":"p2790","attributes":{"overlay":{"type":"object","name":"BoxAnnotation","id":"p2791","attributes":{"syncable":false,"line_color":"black","line_alpha":1.0,"line_width":2,"line_dash":[4,4],"fill_color":"lightgrey","fill_alpha":0.5,"level":"overlay","visible":false,"left":{"type":"number","value":"nan"},"right":{"type":"number","value":"nan"},"top":{"type":"number","value":"nan"},"bottom":{"type":"number","value":"nan"},"left_units":"canvas","right_units":"canvas","top_units":"canvas","bottom_units":"canvas","handles":{"type":"object","name":"BoxInteractionHandles","id":"p2797","attributes":{"all":{"type":"object","name":"AreaVisuals","id":"p2796","attributes":{"fill_color":"white","hover_fill_color":"lightgray"}}}}}}}},{"type":"object","name":"SaveTool","id":"p2798"},{"type":"object","name":"ResetTool","id":"p2799"},{"type":"object","name":"HelpTool","id":"p2800"},{"type":"object","name":"HoverTool","id":"p2813","attributes":{"renderers":"auto","tooltips":[["m/z","@mz"],["intensity","@intensity"],["native id","@native_id"]]}}]}},"toolbar_location":"above","left":[{"type":"object","name":"LinearAxis","id":"p2783","attributes":{"ticker":{"type":"object","name":"BasicTicker","id":"p2784","attributes":{"mantissas":[1,2,5]}},"formatter":{"type":"object","name":"BasicTickFormatter","id":"p2785"},"axis_label":"Intensity","axis_label_text_font_size":"16pt","major_label_policy":{"type":"object","name":"AllLabels","id":"p2786"},"major_label_text_font_size":"14pt"}}],"below":[{"type":"object","name":"LinearAxis","id":"p2778","attributes":{"ticker":{"type":"object","name":"BasicTicker","id":"p2779","attributes":{"mantissas":[1,2,5]}},"formatter":{"type":"object","name":"BasicTickFormatter","id":"p2780"},"axis_label":"mass-to-charge","axis_label_text_font_size":"16pt","major_label_policy":{"type":"object","name":"AllLabels","id":"p2781"},"major_label_text_font_size":"14pt"}}],"center":[{"type":"object","name":"Grid","id":"p2782","attributes":{"axis":{"id":"p2778"}}},{"type":"object","name":"Grid","id":"p2787","attributes":{"dimension":1,"axis":{"id":"p2783"}}},{"type":"object","name":"Label","id":"p2814","attributes":{"text":"99.7176","text_color":"black","text_font_size":"13pt","x":99.71764999999999,"y":25,"x_offset":1}},{"type":"object","name":"Label","id":"p2815","attributes":{"text":"77.2275","text_color":"black","text_font_size":"13pt","x":77.22745,"y":20,"x_offset":1}},{"type":"object","name":"Label","id":"p2816","attributes":{"text":"197.1748","text_color":"black","text_font_size":"13pt","x":197.17485,"y":17,"x_offset":1}},{"type":"object","name":"Label","id":"p2817","attributes":{"text":"159.6913","text_color":"black","text_font_size":"13pt","x":159.6913,"y":13,"x_offset":1}},{"type":"object","name":"Label","id":"p2818","attributes":{"text":"54.7373","text_color":"black","text_font_size":"13pt","x":54.73735,"y":10,"x_offset":1}},{"type":"object","name":"Span","id":"p2819","attributes":{"location":0,"line_color":"#EEEEEE","line_width":2}}],"min_border":0}}]}}
    </script>
    <script type="text/javascript">
      (function() {
        const fn = function() {
          Bokeh.safely(function() {
            (function(root) {
              function embed_document(root) {
              const docs_json = document.getElementById('db7c0a0e-7f48-4314-b147-dd6b3a590fe9').textContent;
              const render_items = [{"docid":"c42c0fdb-5e0d-4fae-b908-202576ee4852","roots":{"p2766":"c091c6de-29bf-4346-b8d5-2c1f28f63bdc"},"root_ids":["p2766"]}];
              root.Bokeh.embed.embed_items(docs_json, render_items);
              }
              if (root.Bokeh !== undefined) {
                embed_document(root);
              } else {
                let attempts = 0;
                const timer = setInterval(function(root) {
                  if (root.Bokeh !== undefined) {
                    clearInterval(timer);
                    embed_document(root);
                  } else {
                    attempts++;
                    if (attempts > 100) {
                      clearInterval(timer);
                      console.log("Bokeh: ERROR: Unable to run BokehJS code because BokehJS library is missing");
                    }
                  }
                }, 10, root)
              }
            })(window);
          });
        };
        if (document.readyState != "loading") fn();
        else document.addEventListener("DOMContentLoaded", fn);
      })();
    </script>
  </body>
</html>