<!DOCTYPE html>
<html lang="en">
  <head>
    <meta charset="utf-8">
    <title>Bokeh Application</title>
    <style>
      html, body {
        box-sizing: border-box;
        display: flow-root;
        height: 100%;
        margin: 0;
        padding: 0;
      }
    </style>
    <script type="text/javascript" src="https://cdn.bokeh.org/bokeh/release/bokeh-3.6.0.min.js"></script>
    <script type="text/javascript">
        Bokeh.set_log_level("info");
    </script>
  </head>
  <body>
    <div id="c31fd79a-1d91-4273-9086-9e2f78d515e8" data-root-id="p4615" style="display: contents;"></div>
  
    <script type="application/json" id="bfeb97c8-aec5-48ec-a3ae-2b3c0605b7f8">
      {"eb6a0939-2cc9-481d-9cfc-25e674bc40d8":{"version":"3.6.0","title":"Bokeh Application","roots":[{"type":"object","name":"Figure","id":"p4615","attributes":{"width":500,"height":500,"x_range":{"type":"object","name":"Range1d","id":"p4668","attributes":{"start":40.791199999999996,"end":241.10784}},"y_range":{"type":"object","name":"Range1d","id":"p4669","attributes":{"end":28.75}},"x_scale":{"type":"object","name":"LinearScale","id":"p4625"},"y_scale":{"type":"object","name":"LinearScale","id":"p4626"},"title":{"type":"object","name":"Title","id":"p4618","attributes":{"text":"Mass Spectrum","text_font_size":"18pt"}},"renderers":[{"type":"object","name":"GlyphRenderer","id":"p4659","attributes":{"data_source":{"type":"object","name":"ColumnDataSource","id":"p4650","attributes":{"selected":{"type":"object","name":"Selection","id":"p4651","attributes":{"indices":[],"line_indices":[]}},"selection_policy":{"type":"object","name":"UnionRenderers","id":"p4652"},"data":{"type":"map","entries":[["index",{"type":"ndarray","array":{"type":"bytes","data":"AAAAAAAAAAAAAAAAAQAAAAEAAAABAAAAAgAAAAIAAAACAAAAAwAAAAMAAAADAAAABAAAAAQAAAAEAAAABQAAAAUAAAAFAAAABgAAAAYAAAAGAAAABwAAAAcAAAAHAAAACAAAAAgAAAAIAAAA"},"shape":[27],"dtype":"int32","order":"little"}],["mz",{"type":"ndarray","array":{"type":"bytes","data":"O99PjZd+SUA730+Nl35JQDvfT42XfklAY3/ZPXmIUkBjf9k9eYhSQGN/2T15iFJAio7k8h8iWUCKjuTyHyJZQIqO5PIfIllAexSuR+FiWUB7FK5H4WJZQHsUrkfhYllALpCg+DGiWUAukKD4MaJZQC6QoPgxollAZmZmZmYGZEBmZmZmZgZkQGZmZmZmBmRAsp3vp8b/ZUCyne+nxv9lQLKd76fG/2VAWvW52ooNaUBa9bnaig1pQFr1udqKDWlAWvW52oodaUBa9bnaih1pQFr1udqKHWlA"},"shape":[27],"dtype":"float64","order":"little"}],["intensity",{"type":"ndarray","array":{"type":"bytes","data":"AAAAAAoAAAAAAAAAAAAAABQAAAAAAAAAAAAAABkAAAAAAAAAAAAAAAwAAAAAAAAAAAAAAAYAAAAAAAAAAAAAAA0AAAAAAAAAAAAAAAgAAAAAAAAAAAAAABEAAAAAAAAAAAAAAAcAAAAAAAAA"},"shape":[27],"dtype":"int32","order":"little"}]]}}},"view":{"type":"object","name":"CDSView","id":"p4660","attributes":{"filter":{"type":"object","name":"AllIndices","id":"p4661"}}},"glyph":{"type":"object","name":"Line","id":"p4656","attributes":{"x":{"type":"field","field":"mz"},"y":{"type":"field","field":"intensity"},"line_color":"#4575B4"}},"nonselection_glyph":{"type":"object","name":"Line","id":"p4657","attributes":{"x":{"type":"field","field":"mz"},"y":{"type":"field","field":"intensity"},"line_color":"#4575B4","line_alpha":0.1}},"muted_glyph":{"type":"object","name":"Line","id":"p4658","attributes":{"x":{"type":"field","field":"mz"},"y":{"type":"field","field":"intensity"},"line_color":"#4575B4","line_alpha":0.2}}}}],"toolbar":{"type":"object","name":"Toolbar","id":"p4624","attributes":{"tools":[{"type":"object","name":"PanTool","id":"p4637"},{"type":"object","name":"WheelZoomTool","id":"p4638","attributes":{"renderers":"auto"}},{"type":"object","name":"BoxZoomTool","id":"p4639","attributes":{"overlay":{"type":"object","name":"BoxAnnotation","id":"p4640","attributes":{"syncable":false,"line_color":"black","line_alpha":1.0,"line_width":2,"line_dash":[4,4],"fill_color":"lightgrey","fill_alpha":0.5,"level":"overlay","visible":false,"left":{"type":"number","value":"nan"},"right":{"type":"number","value":"nan"},"top":{"type":"number","value":"nan"},"bottom":{"type":"number","value":"nan"},"left_units":"canvas","right_units":"canvas","top_units":"canvas","bottom_units":"canvas","handles":{"type":"object","name":"BoxInteractionHandles","id":"p4646","attributes":{"all":{"type":"object","name":"AreaVisuals","id":"p4645","attributes":{"fill_color":"white","hover_fill_color":"lightgray"}}}}}}}},{"type":"object","name":"SaveTool","id":"p4647"},{"type":"object","name":"ResetTool","id":"p4648"},{"type":"object","name":"HelpTool","id":"p4649"},{"type":"object","name":"HoverTool","id":"p4662","attributes":{"renderers":"auto","tooltips":[["m/z","@mz"],["intensity","@intensity"],["native id","@native_id"]]}}]}},"toolbar_location":"above","left":[{"type":"object","name":"LinearAxis","id":"p4632","attributes":{"ticker":{"type":"object","name":"BasicTicker","id":"p4633","attributes":{"mantissas":[1,2,5]}},"formatter":{"type":"object","name":"BasicTickFormatter","id":"p4634"},"axis_label":"Intensity","axis_label_text_font_size":"16pt","major_label_policy":{"type":"object","name":"AllLabels","id":"p4635"},"major_label_text_font_size":"14pt"}}],"below":[{"type":"object","name":"LinearAxis","id":"p4627","attributes":{"ticker":{"type":"object","name":"BasicTicker","id":"p4628","attributes":{"mantissas":[1,2,5]}},"formatter":{"type":"object","name":"BasicTickFormatter","id":"p4629"},"axis_label":"mass-to-charge","axis_label_text_font_size":"16pt","major_label_policy":{"type":"object","name":"AllLabels","id":"p4630"},"major_label_text_font_size":"14pt"}}],"center":[{"type":"object","name":"Grid","id":"p4631","attributes":{"axis":{"id":"p4627"}}},{"type":"object","name":"Grid","id":"p4636","attributes":{"dimension":1,"axis":{"id":"p4632"}}},{"type":"object","name":"Label","id":"p4663","attributes":{"text":"100.5332\ncustom3","text_color":"black","text_font_size":"13pt","x":100.5332,"y":25,"x_offset":1}},{"type":"object","name":"Label","id":"p4664","attributes":{"text":"74.1324\ncustom2","text_color":"black","text_font_size":"13pt","x":74.1324,"y":20,"x_offset":1}},{"type":"object","name":"Label","id":"p4665","attributes":{"text":"200.4232\ncustom8","text_color":"black","text_font_size":"13pt","x":200.4232,"y":17,"x_offset":1}},{"type":"object","name":"Label","id":"p4666","attributes":{"text":"160.2\ncustom6","text_color":"black","text_font_size":"13pt","x":160.2,"y":13,"x_offset":1}},{"type":"object","name":"Label","id":"p4667","attributes":{"text":"101.545\ncustom4","text_color":"black","text_font_size":"13pt","x":101.545,"y":12,"x_offset":1}}],"min_border":0}}]}}
    </script>
    <script type="text/javascript">
      (function() {
        const fn = function() {
          Bokeh.safely(function() {
            (function(root) {
              function embed_document(root) {
              const docs_json = document.getElementById('bfeb97c8-aec5-48ec-a3ae-2b3c0605b7f8').textContent;
              const render_items = [{"docid":"eb6a0939-2cc9-481d-9cfc-25e674bc40d8","roots":{"p4615":"c31fd79a-1d91-4273-9086-9e2f78d515e8"},"root_ids":["p4615"]}];
              root.Bokeh.embed.embed_items(docs_json, render_items);
              }
              if (root.Bokeh !== undefined) {
                embed_document(root);
              } else {
                let attempts = 0;
                const timer = setInterval(function(root) {
                  if (root.Bokeh !== undefined) {
                    clearInterval(timer);
                    embed_document(root);
                  } else {
                    attempts++;
                    if (attempts > 100) {
                      clearInterval(timer);
                      console.log("Bokeh: ERROR: Unable to run BokehJS code because BokehJS library is missing");
                    }
                  }
                }, 10, root)
              }
            })(window);
          });
        };
        if (document.readyState != "loading") fn();
        else document.addEventListener("DOMContentLoaded", fn);
      })();
    </script>
  </body>
</html>