<!DOCTYPE html>
<html lang="en">
  <head>
    <meta charset="utf-8">
    <title>Bokeh Application</title>
    <style>
      html, body {
        box-sizing: border-box;
        display: flow-root;
        height: 100%;
        margin: 0;
        padding: 0;
      }
    </style>
    <script type="text/javascript" src="https://cdn.bokeh.org/bokeh/release/bokeh-3.6.0.min.js"></script>
    <script type="text/javascript">
        Bokeh.set_log_level("info");
    </script>
  </head>
  <body>
    <div id="ca4d2209-d7f0-45c7-8635-15e253daffd3" data-root-id="p2939" style="display: contents;"></div>
  
    <script type="application/json" id="dacea5e7-a5e0-434b-bb10-7e26a223e636">
      {"fc45a26b-6dd7-41c5-bcb8-b475267653d5":{"version":"3.6.0","title":"Bokeh Application","roots":[{"type":"object","name":"Figure","id":"p2939","attributes":{"width":500,"height":500,"x_range":{"type":"object","name":"Range1d","id":"p2993","attributes":{"start":40.791199999999996,"end":240.80784}},"y_range":{"type":"object","name":"Range1d","id":"p2994","attributes":{"end":28.75}},"x_scale":{"type":"object","name":"LinearScale","id":"p2949"},"y_scale":{"type":"object","name":"LinearScale","id":"p2950"},"title":{"type":"object","name":"Title","id":"p2942","attributes":{"text":"Mass Spectrum","text_font_size":"18pt"}},"renderers":[{"type":"object","name":"GlyphRenderer","id":"p2983","attributes":{"data_source":{"type":"object","name":"ColumnDataSource","id":"p2974","attributes":{"selected":{"type":"object","name":"Selection","id":"p2975","attributes":{"indices":[],"line_indices":[]}},"selection_policy":{"type":"object","name":"UnionRenderers","id":"p2976"},"data":{"type":"map","entries":[["index",{"type":"ndarray","array":{"type":"bytes","data":"AAAAAAAAAAAAAAAAAQAAAAEAAAABAAAAAgAAAAIAAAACAAAAAwAAAAMAAAADAAAABAAAAAQAAAAEAAAA"},"shape":[15],"dtype":"int32","order":"little"}],["mz",{"type":"ndarray","array":{"type":"bytes","data":"XI/C9ShiWUBcj8L1KGJZQFyPwvUoYllADAIrhxYDZUAMAiuHFgNlQAwCK4cWA2VAWvW52ooVaUBa9bnaihVpQFr1udqKFWlAO99PjZd+SUA730+Nl35JQDvfT42XfklAY3/ZPXmIUkBjf9k9eYhSQGN/2T15iFJA"},"shape":[15],"dtype":"float64","order":"little"}],["intensity",{"type":"ndarray","array":{"type":"bytes","data":"AAAAABkAAAAAAAAAAAAAAA0AAAAAAAAAAAAAABEAAAAAAAAAAAAAAAoAAAAAAAAAAAAAABQAAAAAAAAA"},"shape":[15],"dtype":"int32","order":"little"}]]}}},"view":{"type":"object","name":"CDSView","id":"p2984","attributes":{"filter":{"type":"object","name":"AllIndices","id":"p2985"}}},"glyph":{"type":"object","name":"Line","id":"p2980","attributes":{"x":{"type":"field","field":"mz"},"y":{"type":"field","field":"intensity"},"line_color":"#4575B4"}},"nonselection_glyph":{"type":"object","name":"Line","id":"p2981","attributes":{"x":{"type":"field","field":"mz"},"y":{"type":"field","field":"intensity"},"line_color":"#4575B4","line_alpha":0.1}},"muted_glyph":{"type":"object","name":"Line","id":"p2982","attributes":{"x":{"type":"field","field":"mz"},"y":{"type":"field","field":"intensity"},"line_color":"#4575B4","line_alpha":0.2}}}}],"toolbar":{"type":"object","name":"Toolbar","id":"p2948","attributes":{"tools":[{"type":"object","name":"PanTool","id":"p2961"},{"type":"object","name":"WheelZoomTool","id":"p2962","attributes":{"renderers":"auto"}},{"type":"object","name":"BoxZoomTool","id":"p2963","attributes":{"overlay":{"type":"object","name":"BoxAnnotation","id":"p2964","attributes":{"syncable":false,"line_color":"black","line_alpha":1.0,"line_width":2,"line_dash":[4,4],"fill_color":"lightgrey","fill_alpha":0.5,"level":"overlay","visible":false,"left":{"type":"number","value":"nan"},"right":{"type":"number","value":"nan"},"top":{"type":"number","value":"nan"},"bottom":{"type":"number","value":"nan"},"left_units":"canvas","right_units":"canvas","top_units":"canvas","bottom_units":"canvas","handles":{"type":"object","name":"BoxInteractionHandles","id":"p2970","attributes":{"all":{"type":"object","name":"AreaVisuals","id":"p2969","attributes":{"fill_color":"white","hover_fill_color":"lightgray"}}}}}}}},{"type":"object","name":"SaveTool","id":"p2971"},{"type":"object","name":"ResetTool","id":"p2972"},{"type":"object","name":"HelpTool","id":"p2973"},{"type":"object","name":"HoverTool","id":"p2986","attributes":{"renderers":"auto","tooltips":[["m/z","@mz"],["intensity","@intensity"],["native id","@native_id"]]}}]}},"toolbar_location":"above","left":[{"type":"object","name":"LinearAxis","id":"p2956","attributes":{"ticker":{"type":"object","name":"BasicTicker","id":"p2957","attributes":{"mantissas":[1,2,5]}},"formatter":{"type":"object","name":"BasicTickFormatter","id":"p2958"},"axis_label":"Intensity","axis_label_text_font_size":"16pt","major_label_policy":{"type":"object","name":"AllLabels","id":"p2959"},"major_label_text_font_size":"14pt"}}],"below":[{"type":"object","name":"LinearAxis","id":"p2951","attributes":{"ticker":{"type":"object","name":"BasicTicker","id":"p2952","attributes":{"mantissas":[1,2,5]}},"formatter":{"type":"object","name":"BasicTickFormatter","id":"p2953"},"axis_label":"mass-to-charge","axis_label_text_font_size":"16pt","major_label_policy":{"type":"object","name":"AllLabels","id":"p2954"},"major_label_text_font_size":"14pt"}}],"center":[{"type":"object","name":"Grid","id":"p2955","attributes":{"axis":{"id":"p2951"}}},{"type":"object","name":"Grid","id":"p2960","attributes":{"dimension":1,"axis":{"id":"p2956"}}},{"type":"object","name":"Label","id":"p2987","attributes":{"text":"101.5337","text_color":"black","text_font_size":"13pt","x":101.53375,"y":25,"x_offset":1}},{"type":"object","name":"Label","id":"p2988","attributes":{"text":"74.1324","text_color":"black","text_font_size":"13pt","x":74.1324,"y":20,"x_offset":1}},{"type":"object","name":"Label","id":"p2989","attributes":{"text":"200.6732","text_color":"black","text_font_size":"13pt","x":200.6732,"y":17,"x_offset":1}},{"type":"object","name":"Label","id":"p2990","attributes":{"text":"168.0965","text_color":"black","text_font_size":"13pt","x":168.0965,"y":13,"x_offset":1}},{"type":"object","name":"Label","id":"p2991","attributes":{"text":"50.989","text_color":"black","text_font_size":"13pt","x":50.989,"y":10,"x_offset":1}},{"type":"object","name":"Span","id":"p2992","attributes":{"location":0,"line_color":"#EEEEEE","line_width":2}}],"min_border":0}}]}}
    </script>
    <script type="text/javascript">
      (function() {
        const fn = function() {
          Bokeh.safely(function() {
            (function(root) {
              function embed_document(root) {
              const docs_json = document.getElementById('dacea5e7-a5e0-434b-bb10-7e26a223e636').textContent;
              const render_items = [{"docid":"fc45a26b-6dd7-41c5-bcb8-b475267653d5","roots":{"p2939":"ca4d2209-d7f0-45c7-8635-15e253daffd3"},"root_ids":["p2939"]}];
              root.Bokeh.embed.embed_items(docs_json, render_items);
              }
              if (root.Bokeh !== undefined) {
                embed_document(root);
              } else {
                let attempts = 0;
                const timer = setInterval(function(root) {
                  if (root.Bokeh !== undefined) {
                    clearInterval(timer);
                    embed_document(root);
                  } else {
                    attempts++;
                    if (attempts > 100) {
                      clearInterval(timer);
                      console.log("Bokeh: ERROR: Unable to run BokehJS code because BokehJS library is missing");
                    }
                  }
                }, 10, root)
              }
            })(window);
          });
        };
        if (document.readyState != "loading") fn();
        else document.addEventListener("DOMContentLoaded", fn);
      })();
    </script>
  </body>
</html>