<!DOCTYPE html>
<html lang="en">
  <head>
    <meta charset="utf-8">
    <title>Bokeh Application</title>
    <style>
      html, body {
        box-sizing: border-box;
        display: flow-root;
        height: 100%;
        margin: 0;
        padding: 0;
      }
    </style>
    <script type="text/javascript" src="https://cdn.bokeh.org/bokeh/release/bokeh-3.6.0.min.js"></script>
    <script type="text/javascript">
        Bokeh.set_log_level("info");
    </script>
  </head>
  <body>
    <div id="abb3aedd-88cf-42ab-aa70-4b195c905003" data-root-id="p3919" style="display: contents;"></div>
  
    <script type="application/json" id="eabc6a1d-aa0f-4ea0-9d4b-474d113723bb">
      {"3696d61d-82b1-48e5-887c-16b7f7bcbf0d":{"version":"3.6.0","title":"Bokeh Application","roots":[{"type":"object","name":"Figure","id":"p3919","attributes":{"width":500,"height":500,"x_range":{"type":"object","name":"Range1d","id":"p4001","attributes":{"start":40.791199999999996,"end":241.10784}},"y_range":{"type":"object","name":"Range1d","id":"p4002","attributes":{"end":28.75}},"x_scale":{"type":"object","name":"LinearScale","id":"p3929"},"y_scale":{"type":"object","name":"LinearScale","id":"p3930"},"title":{"type":"object","name":"Title","id":"p3922","attributes":{"text":"Mass Spectrum","text_font_size":"18pt"}},"renderers":[{"type":"object","name":"GlyphRenderer","id":"p3963","attributes":{"data_source":{"type":"object","name":"ColumnDataSource","id":"p3954","attributes":{"selected":{"type":"object","name":"Selection","id":"p3955","attributes":{"indices":[],"line_indices":[]}},"selection_policy":{"type":"object","name":"UnionRenderers","id":"p3956"},"data":{"type":"map","entries":[["index",{"type":"ndarray","array":{"type":"bytes","data":"AAAAAAAAAAAAAAAAAQAAAAEAAAABAAAA"},"shape":[6],"dtype":"int32","order":"little"}],["mz",{"type":"ndarray","array":{"type":"bytes","data":"O99PjZd+SUA730+Nl35JQDvfT42XfklAY3/ZPXmIUkBjf9k9eYhSQGN/2T15iFJA"},"shape":[6],"dtype":"float64","order":"little"}],["intensity",{"type":"ndarray","array":{"type":"bytes","data":"AAAAAAoAAAAAAAAAAAAAABQAAAAAAAAA"},"shape":[6],"dtype":"int32","order":"little"}],["spectrum",{"type":"ndarray","array":["A","A","A","A","A","A"],"shape":[6],"dtype":"object","order":"little"}]]}}},"view":{"type":"object","name":"CDSView","id":"p3964","attributes":{"filter":{"type":"object","name":"AllIndices","id":"p3965"}}},"glyph":{"type":"object","name":"Line","id":"p3960","attributes":{"x":{"type":"field","field":"mz"},"y":{"type":"field","field":"intensity"},"line_color":"#4575B4"}},"nonselection_glyph":{"type":"object","name":"Line","id":"p3961","attributes":{"x":{"type":"field","field":"mz"},"y":{"type":"field","field":"intensity"},"line_color":"#4575B4","line_alpha":0.1}},"muted_glyph":{"type":"object","name":"Line","id":"p3962","attributes":{"x":{"type":"field","field":"mz"},"y":{"type":"field","field":"intensity"},"line_color":"#4575B4","line_alpha":0.2}}}},{"type":"object","name":"GlyphRenderer","id":"p3975","attributes":{"data_source":{"type":"object","name":"ColumnDataSource","id":"p3966","attributes":{"selected":{"type":"object","name":"Selection","id":"p3967","attributes":{"indices":[],"line_indices":[]}},"selection_policy":{"type":"object","name":"UnionRenderers","id":"p3968"},"data":{"type":"map","entries":[["index",{"type":"ndarray","array":{"type":"bytes","data":"AgAAAAIAAAACAAAAAwAAAAMAAAADAAAABAAAAAQAAAAEAAAABQAAAAUAAAAFAAAA"},"shape":[12],"dtype":"int32","order":"little"}],["mz",{"type":"ndarray","array":{"type":"bytes","data":"io7k8h8iWUCKjuTyHyJZQIqO5PIfIllAexSuR+FiWUB7FK5H4WJZQHsUrkfhYllALpCg+DGiWUAukKD4MaJZQC6QoPgxollAZmZmZmYGZEBmZmZmZgZkQGZmZmZmBmRA"},"shape":[12],"dtype":"float64","order":"little"}],["intensity",{"type":"ndarray","array":{"type":"bytes","data":"AAAAABkAAAAAAAAAAAAAAAwAAAAAAAAAAAAAAAYAAAAAAAAAAAAAAA0AAAAAAAAA"},"shape":[12],"dtype":"int32","order":"little"}],["spectrum",{"type":"ndarray","array":["B","B","B","B","B","B","B","B","B","B","B","B"],"shape":[12],"dtype":"object","order":"little"}]]}}},"view":{"type":"object","name":"CDSView","id":"p3976","attributes":{"filter":{"type":"object","name":"AllIndices","id":"p3977"}}},"glyph":{"type":"object","name":"Line","id":"p3972","attributes":{"x":{"type":"field","field":"mz"},"y":{"type":"field","field":"intensity"},"line_color":"#D73027"}},"nonselection_glyph":{"type":"object","name":"Line","id":"p3973","attributes":{"x":{"type":"field","field":"mz"},"y":{"type":"field","field":"intensity"},"line_color":"#D73027","line_alpha":0.1}},"muted_glyph":{"type":"object","name":"Line","id":"p3974","attributes":{"x":{"type":"field","field":"mz"},"y":{"type":"field","field":"intensity"},"line_color":"#D73027","line_alpha":0.2}}}},{"type":"object","name":"GlyphRenderer","id":"p3987","attributes":{"data_source":{"type":"object","name":"ColumnDataSource","id":"p3978","attributes":{"selected":{"type":"object","name":"Selection","id":"p3979","attributes":{"indices":[],"line_indices":[]}},"selection_policy":{"type":"object","name":"UnionRenderers","id":"p3980"},"data":{"type":"map","entries":[["index",{"type":"ndarray","array":{"type":"bytes","data":"BgAAAAYAAAAGAAAABwAAAAcAAAAHAAAACAAAAAgAAAAIAAAA"},"shape":[9],"dtype":"int32","order":"little"}],["mz",{"type":"ndarray","array":{"type":"bytes","data":"sp3vp8b/ZUCyne+nxv9lQLKd76fG/2VAWvW52ooNaUBa9bnaig1pQFr1udqKDWlAWvW52oodaUBa9bnaih1pQFr1udqKHWlA"},"shape":[9],"dtype":"float64","order":"little"}],["intensity",{"type":"ndarray","array":{"type":"bytes","data":"AAAAAAgAAAAAAAAAAAAAABEAAAAAAAAAAAAAAAcAAAAAAAAA"},"shape":[9],"dtype":"int32","order":"little"}],["spectrum",{"type":"ndarray","array":["C","C","C","C","C","C","C","C","C"],"shape":[9],"dtype":"object","order":"little"}]]}}},"view":{"type":"object","name":"CDSView","id":"p3988","attributes":{"filter":{"type":"object","name":"AllIndices","id":"p3989"}}},"glyph":{"type":"object","name":"Line","id":"p3984","attributes":{"x":{"type":"field","field":"mz"},"y":{"type":"field","field":"intensity"},"line_color":"#91BFDB"}},"nonselection_glyph":{"type":"object","name":"Line","id":"p3985","attributes":{"x":{"type":"field","field":"mz"},"y":{"type":"field","field":"intensity"},"line_color":"#91BFDB","line_alpha":0.1}},"muted_glyph":{"type":"object","name":"Line","id":"p3986","attributes":{"x":{"type":"field","field":"mz"},"y":{"type":"field","field":"intensity"},"line_color":"#91BFDB","line_alpha":0.2}}}}],"toolbar":{"type":"object","name":"Toolbar","id":"p3928","attributes":{"tools":[{"type":"object","name":"PanTool","id":"p3941"},{"type":"object","name":"WheelZoomTool","id":"p3942","attributes":{"renderers":"auto"}},{"type":"object","name":"BoxZoomTool","id":"p3943","attributes":{"overlay":{"type":"object","name":"BoxAnnotation","id":"p3944","attributes":{"syncable":false,"line_color":"black","line_alpha":1.0,"line_width":2,"line_dash":[4,4],"fill_color":"lightgrey","fill_alpha":0.5,"level":"overlay","visible":false,"left":{"type":"number","value":"nan"},"right":{"type":"number","value":"nan"},"top":{"type":"number","value":"nan"},"bottom":{"type":"number","value":"nan"},"left_units":"canvas","right_units":"canvas","top_units":"canvas","bottom_units":"canvas","handles":{"type":"object","name":"BoxInteractionHandles","id":"p3950","attributes":{"all":{"type":"object","name":"AreaVisuals","id":"p3949","attributes":{"fill_color":"white","hover_fill_color":"lightgray"}}}}}}}},{"type":"object","name":"SaveTool","id":"p3951"},{"type":"object","name":"ResetTool","id":"p3952"},{"type":"object","name":"HelpTool","id":"p3953"},{"type":"object","name":"HoverTool","id":"p3994","attributes":{"renderers":"auto","tooltips":[["m/z","@mz"],["intensity","@intensity"],["native id","@native_id"]]}}]}},"toolbar_location":"above","left":[{"type":"object","name":"LinearAxis","id":"p3936","attributes":{"ticker":{"type":"object","name":"BasicTicker","id":"p3937","attributes":{"mantissas":[1,2,5]}},"formatter":{"type":"object","name":"BasicTickFormatter","id":"p3938"},"axis_label":"Intensity","axis_label_text_font_size":"16pt","major_label_policy":{"type":"object","name":"AllLabels","id":"p3939"},"major_label_text_font_size":"14pt"}}],"right":[{"type":"object","name":"Legend","id":"p3990","attributes":{"title":"Trace","click_policy":"mute","label_text_font_size":"10pt","items":[{"type":"object","name":"LegendItem","id":"p3991","attributes":{"label":{"type":"value","value":"A"},"renderers":[{"id":"p3963"}]}},{"type":"object","name":"LegendItem","id":"p3992","attributes":{"label":{"type":"value","value":"B"},"renderers":[{"id":"p3975"}]}},{"type":"object","name":"LegendItem","id":"p3993","attributes":{"label":{"type":"value","value":"C"},"renderers":[{"id":"p3987"}]}}]}}],"below":[{"type":"object","name":"LinearAxis","id":"p3931","attributes":{"ticker":{"type":"object","name":"BasicTicker","id":"p3932","attributes":{"mantissas":[1,2,5]}},"formatter":{"type":"object","name":"BasicTickFormatter","id":"p3933"},"axis_label":"mass-to-charge","axis_label_text_font_size":"16pt","major_label_policy":{"type":"object","name":"AllLabels","id":"p3934"},"major_label_text_font_size":"14pt"}}],"center":[{"type":"object","name":"Grid","id":"p3935","attributes":{"axis":{"id":"p3931"}}},{"type":"object","name":"Grid","id":"p3940","attributes":{"dimension":1,"axis":{"id":"p3936"}}},{"type":"object","name":"Label","id":"p3995","attributes":{"text":"100.5332","text_color":"black","text_font_size":"13pt","x":100.5332,"y":25,"x_offset":1}},{"type":"object","name":"Label","id":"p3996","attributes":{"text":"74.1324","text_color":"black","text_font_size":"13pt","x":74.1324,"y":20,"x_offset":1}},{"type":"object","name":"Label","id":"p3997","attributes":{"text":"200.4232","text_color":"black","text_font_size":"13pt","x":200.4232,"y":17,"x_offset":1}},{"type":"object","name":"Label","id":"p3998","attributes":{"text":"160.2","text_color":"black","text_font_size":"13pt","x":160.2,"y":13,"x_offset":1}},{"type":"object","name":"Label","id":"p3999","attributes":{"text":"101.545","text_color":"black","text_font_size":"13pt","x":101.545,"y":12,"x_offset":1}},{"type":"object","name":"Span","id":"p4000","attributes":{"location":0,"line_color":"#EEEEEE","line_width":2}}],"min_border":0}}]}}
    </script>
    <script type="text/javascript">
      (function() {
        const fn = function() {
          Bokeh.safely(function() {
            (function(root) {
              function embed_document(root) {
              const docs_json = document.getElementById('eabc6a1d-aa0f-4ea0-9d4b-474d113723bb').textContent;
              const render_items = [{"docid":"3696d61d-82b1-48e5-887c-16b7f7bcbf0d","roots":{"p3919":"abb3aedd-88cf-42ab-aa70-4b195c905003"},"root_ids":["p3919"]}];
              root.Bokeh.embed.embed_items(docs_json, render_items);
              }
              if (root.Bokeh !== undefined) {
                embed_document(root);
              } else {
                let attempts = 0;
                const timer = setInterval(function(root) {
                  if (root.Bokeh !== undefined) {
                    clearInterval(timer);
                    embed_document(root);
                  } else {
                    attempts++;
                    if (attempts > 100) {
                      clearInterval(timer);
                      console.log("Bokeh: ERROR: Unable to run BokehJS code because BokehJS library is missing");
                    }
                  }
                }, 10, root)
              }
            })(window);
          });
        };
        if (document.readyState != "loading") fn();
        else document.addEventListener("DOMContentLoaded", fn);
      })();
    </script>
  </body>
</html>