<!DOCTYPE html>
<html lang="en">
  <head>
    <meta charset="utf-8">
    <title>Bokeh Application</title>
    <style>
      html, body {
        box-sizing: border-box;
        display: flow-root;
        height: 100%;
        margin: 0;
        padding: 0;
      }
    </style>
    <script type="text/javascript" src="https://cdn.bokeh.org/bokeh/release/bokeh-3.6.0.min.js"></script>
    <script type="text/javascript">
        Bokeh.set_log_level("info");
    </script>
  </head>
  <body>
    <div id="ea0f8f04-c975-4af3-8883-23200c34880d" data-root-id="p4750" style="display: contents;"></div>
  
    <script type="application/json" id="ed20e6ac-0f6f-4419-9ace-03b739f8a15b">
      {"8294f9da-0af1-42c5-a029-d1d1eadc9143":{"version":"3.6.0","title":"Bokeh Application","roots":[{"type":"object","name":"Figure","id":"p4750","attributes":{"width":500,"height":500,"x_range":{"type":"object","name":"Range1d","id":"p4871","attributes":{"start":40.791199999999996,"end":241.10784}},"y_range":{"type":"object","name":"Range1d","id":"p4872","attributes":{"end":28.75}},"x_scale":{"type":"object","name":"LinearScale","id":"p4760"},"y_scale":{"type":"object","name":"LinearScale","id":"p4761"},"title":{"type":"object","name":"Title","id":"p4753","attributes":{"text":"Mass Spectrum","text_font_size":"18pt"}},"renderers":[{"type":"object","name":"GlyphRenderer","id":"p4794","attributes":{"data_source":{"type":"object","name":"ColumnDataSource","id":"p4785","attributes":{"selected":{"type":"object","name":"Selection","id":"p4786","attributes":{"indices":[],"line_indices":[]}},"selection_policy":{"type":"object","name":"UnionRenderers","id":"p4787"},"data":{"type":"map","entries":[["index",{"type":"ndarray","array":{"type":"bytes","data":"AAAAAAAAAAAAAAAA"},"shape":[3],"dtype":"int32","order":"little"}],["mz",{"type":"ndarray","array":{"type":"bytes","data":"O99PjZd+SUA730+Nl35JQDvfT42XfklA"},"shape":[3],"dtype":"float64","order":"little"}],["intensity",{"type":"ndarray","array":{"type":"bytes","data":"AAAAAAoAAAAAAAAA"},"shape":[3],"dtype":"int32","order":"little"}],["ion_annotation",{"type":"ndarray","array":["a+","a+","a+"],"shape":[3],"dtype":"object","order":"little"}]]}}},"view":{"type":"object","name":"CDSView","id":"p4795","attributes":{"filter":{"type":"object","name":"AllIndices","id":"p4796"}}},"glyph":{"type":"object","name":"Line","id":"p4791","attributes":{"x":{"type":"field","field":"mz"},"y":{"type":"field","field":"intensity"},"line_color":"#7B2C65"}},"nonselection_glyph":{"type":"object","name":"Line","id":"p4792","attributes":{"x":{"type":"field","field":"mz"},"y":{"type":"field","field":"intensity"},"line_color":"#7B2C65","line_alpha":0.1}},"muted_glyph":{"type":"object","name":"Line","id":"p4793","attributes":{"x":{"type":"field","field":"mz"},"y":{"type":"field","field":"intensity"},"line_color":"#7B2C65","line_alpha":0.2}}}},{"type":"object","name":"GlyphRenderer","id":"p4806","attributes":{"data_source":{"type":"object","name":"ColumnDataSource","id":"p4797","attributes":{"selected":{"type":"object","name":"Selection","id":"p4798","attributes":{"indices":[],"line_indices":[]}},"selection_policy":{"type":"object","name":"UnionRenderers","id":"p4799"},"data":{"type":"map","entries":[["index",{"type":"ndarray","array":{"type":"bytes","data":"AQAAAAEAAAABAAAA"},"shape":[3],"dtype":"int32","order":"little"}],["mz",{"type":"ndarray","array":{"type":"bytes","data":"Y3/ZPXmIUkBjf9k9eYhSQGN/2T15iFJA"},"shape":[3],"dtype":"float64","order":"little"}],["intensity",{"type":"ndarray","array":{"type":"bytes","data":"AAAAABQAAAAAAAAA"},"shape":[3],"dtype":"int32","order":"little"}],["ion_annotation",{"type":"ndarray","array":["b3+","b3+","b3+"],"shape":[3],"dtype":"object","order":"little"}]]}}},"view":{"type":"object","name":"CDSView","id":"p4807","attributes":{"filter":{"type":"object","name":"AllIndices","id":"p4808"}}},"glyph":{"type":"object","name":"Line","id":"p4803","attributes":{"x":{"type":"field","field":"mz"},"y":{"type":"field","field":"intensity"},"line_color":"#4575B4"}},"nonselection_glyph":{"type":"object","name":"Line","id":"p4804","attributes":{"x":{"type":"field","field":"mz"},"y":{"type":"field","field":"intensity"},"line_color":"#4575B4","line_alpha":0.1}},"muted_glyph":{"type":"object","name":"Line","id":"p4805","attributes":{"x":{"type":"field","field":"mz"},"y":{"type":"field","field":"intensity"},"line_color":"#4575B4","line_alpha":0.2}}}},{"type":"object","name":"GlyphRenderer","id":"p4818","attributes":{"data_source":{"type":"object","name":"ColumnDataSource","id":"p4809","attributes":{"selected":{"type":"object","name":"Selection","id":"p4810","attributes":{"indices":[],"line_indices":[]}},"selection_policy":{"type":"object","name":"UnionRenderers","id":"p4811"},"data":{"type":"map","entries":[["index",{"type":"ndarray","array":{"type":"bytes","data":"AgAAAAIAAAACAAAAAwAAAAMAAAADAAAABAAAAAQAAAAEAAAA"},"shape":[9],"dtype":"int32","order":"little"}],["mz",{"type":"ndarray","array":{"type":"bytes","data":"io7k8h8iWUCKjuTyHyJZQIqO5PIfIllAexSuR+FiWUB7FK5H4WJZQHsUrkfhYllALpCg+DGiWUAukKD4MaJZQC6QoPgxollA"},"shape":[9],"dtype":"float64","order":"little"}],["intensity",{"type":"ndarray","array":{"type":"bytes","data":"AAAAABkAAAAAAAAAAAAAAAwAAAAAAAAAAAAAAAYAAAAAAAAA"},"shape":[9],"dtype":"int32","order":"little"}],["ion_annotation",{"type":"ndarray","array":["c5+","c5+","c5+","c5+","c5+","c5+","c5+","c5+","c5+"],"shape":[9],"dtype":"object","order":"little"}]]}}},"view":{"type":"object","name":"CDSView","id":"p4819","attributes":{"filter":{"type":"object","name":"AllIndices","id":"p4820"}}},"glyph":{"type":"object","name":"Line","id":"p4815","attributes":{"x":{"type":"field","field":"mz"},"y":{"type":"field","field":"intensity"},"line_color":"#91BFDB"}},"nonselection_glyph":{"type":"object","name":"Line","id":"p4816","attributes":{"x":{"type":"field","field":"mz"},"y":{"type":"field","field":"intensity"},"line_color":"#91BFDB","line_alpha":0.1}},"muted_glyph":{"type":"object","name":"Line","id":"p4817","attributes":{"x":{"type":"field","field":"mz"},"y":{"type":"field","field":"intensity"},"line_color":"#91BFDB","line_alpha":0.2}}}},{"type":"object","name":"GlyphRenderer","id":"p4830","attributes":{"data_source":{"type":"object","name":"ColumnDataSource","id":"p4821","attributes":{"selected":{"type":"object","name":"Selection","id":"p4822","attributes":{"indices":[],"line_indices":[]}},"selection_policy":{"type":"object","name":"UnionRenderers","id":"p4823"},"data":{"type":"map","entries":[["index",{"type":"ndarray","array":{"type":"bytes","data":"BQAAAAUAAAAFAAAA"},"shape":[3],"dtype":"int32","order":"little"}],["mz",{"type":"ndarray","array":{"type":"bytes","data":"ZmZmZmYGZEBmZmZmZgZkQGZmZmZmBmRA"},"shape":[3],"dtype":"float64","order":"little"}],["intensity",{"type":"ndarray","array":{"type":"bytes","data":"AAAAAA0AAAAAAAAA"},"shape":[3],"dtype":"int32","order":"little"}],["ion_annotation",{"type":"ndarray","array":["y9+","y9+","y9+"],"shape":[3],"dtype":"object","order":"little"}]]}}},"view":{"type":"object","name":"CDSView","id":"p4831","attributes":{"filter":{"type":"object","name":"AllIndices","id":"p4832"}}},"glyph":{"type":"object","name":"Line","id":"p4827","attributes":{"x":{"type":"field","field":"mz"},"y":{"type":"field","field":"intensity"},"line_color":"#D73027"}},"nonselection_glyph":{"type":"object","name":"Line","id":"p4828","attributes":{"x":{"type":"field","field":"mz"},"y":{"type":"field","field":"intensity"},"line_color":"#D73027","line_alpha":0.1}},"muted_glyph":{"type":"object","name":"Line","id":"p4829","attributes":{"x":{"type":"field","field":"mz"},"y":{"type":"field","field":"intensity"},"line_color":"#D73027","line_alpha":0.2}}}},{"type":"object","name":"GlyphRenderer","id":"p4842","attributes":{"data_source":{"type":"object","name":"ColumnDataSource","id":"p4833","attributes":{"selected":{"type":"object","name":"Selection","id":"p4834","attributes":{"indices":[],"line_indices":[]}},"selection_policy":{"type":"object","name":"UnionRenderers","id":"p4835"},"data":{"type":"map","entries":[["index",{"type":"ndarray","array":{"type":"bytes","data":"BgAAAAYAAAAGAAAA"},"shape":[3],"dtype":"int32","order":"little"}],["mz",{"type":"ndarray","array":{"type":"bytes","data":"sp3vp8b/ZUCyne+nxv9lQLKd76fG/2VA"},"shape":[3],"dtype":"float64","order":"little"}],["intensity",{"type":"ndarray","array":{"type":"bytes","data":"AAAAAAgAAAAAAAAA"},"shape":[3],"dtype":"int32","order":"little"}],["ion_annotation",{"type":"ndarray","array":["z3+","z3+","z3+"],"shape":[3],"dtype":"object","order":"little"}]]}}},"view":{"type":"object","name":"CDSView","id":"p4843","attributes":{"filter":{"type":"object","name":"AllIndices","id":"p4844"}}},"glyph":{"type":"object","name":"Line","id":"p4839","attributes":{"x":{"type":"field","field":"mz"},"y":{"type":"field","field":"intensity"},"line_color":"#FC8D59"}},"nonselection_glyph":{"type":"object","name":"Line","id":"p4840","attributes":{"x":{"type":"field","field":"mz"},"y":{"type":"field","field":"intensity"},"line_color":"#FC8D59","line_alpha":0.1}},"muted_glyph":{"type":"object","name":"Line","id":"p4841","attributes":{"x":{"type":"field","field":"mz"},"y":{"type":"field","field":"intensity"},"line_color":"#FC8D59","line_alpha":0.2}}}},{"type":"object","name":"GlyphRenderer","id":"p4854","attributes":{"data_source":{"type":"object","name":"ColumnDataSource","id":"p4845","attributes":{"selected":{"type":"object","name":"Selection","id":"p4846","attributes":{"indices":[],"line_indices":[]}},"selection_policy":{"type":"object","name":"UnionRenderers","id":"p4847"},"data":{"type":"map","entries":[["index",{"type":"ndarray","array":{"type":"bytes","data":"BwAAAAcAAAAHAAAACAAAAAgAAAAIAAAA"},"shape":[6],"dtype":"int32","order":"little"}],["mz",{"type":"ndarray","array":{"type":"bytes","data":"WvW52ooNaUBa9bnaig1pQFr1udqKDWlAWvW52oodaUBa9bnaih1pQFr1udqKHWlA"},"shape":[6],"dtype":"float64","order":"little"}],["intensity",{"type":"ndarray","array":{"type":"bytes","data":"AAAAABEAAAAAAAAAAAAAAAcAAAAAAAAA"},"shape":[6],"dtype":"int32","order":"little"}],["ion_annotation",{"type":"ndarray","array":["x4+","x4+","x4+","x4+","x4+","x4+"],"shape":[6],"dtype":"object","order":"little"}]]}}},"view":{"type":"object","name":"CDSView","id":"p4855","attributes":{"filter":{"type":"object","name":"AllIndices","id":"p4856"}}},"glyph":{"type":"object","name":"Line","id":"p4851","attributes":{"x":{"type":"field","field":"mz"},"y":{"type":"field","field":"intensity"},"line_color":"#FCCF53"}},"nonselection_glyph":{"type":"object","name":"Line","id":"p4852","attributes":{"x":{"type":"field","field":"mz"},"y":{"type":"field","field":"intensity"},"line_color":"#FCCF53","line_alpha":0.1}},"muted_glyph":{"type":"object","name":"Line","id":"p4853","attributes":{"x":{"type":"field","field":"mz"},"y":{"type":"field","field":"intensity"},"line_color":"#FCCF53","line_alpha":0.2}}}}],"toolbar":{"type":"object","name":"Toolbar","id":"p4759","attributes":{"tools":[{"type":"object","name":"PanTool","id":"p4772"},{"type":"object","name":"WheelZoomTool","id":"p4773","attributes":{"renderers":"auto"}},{"type":"object","name":"BoxZoomTool","id":"p4774","attributes":{"overlay":{"type":"object","name":"BoxAnnotation","id":"p4775","attributes":{"syncable":false,"line_color":"black","line_alpha":1.0,"line_width":2,"line_dash":[4,4],"fill_color":"lightgrey","fill_alpha":0.5,"level":"overlay","visible":false,"left":{"type":"number","value":"nan"},"right":{"type":"number","value":"nan"},"top":{"type":"number","value":"nan"},"bottom":{"type":"number","value":"nan"},"left_units":"canvas","right_units":"canvas","top_units":"canvas","bottom_units":"canvas","handles":{"type":"object","name":"BoxInteractionHandles","id":"p4781","attributes":{"all":{"type":"object","name":"AreaVisuals","id":"p4780","attributes":{"fill_color":"white","hover_fill_color":"lightgray"}}}}}}}},{"type":"object","name":"SaveTool","id":"p4782"},{"type":"object","name":"ResetTool","id":"p4783"},{"type":"object","name":"HelpTool","id":"p4784"},{"type":"object","name":"HoverTool","id":"p4864","attributes":{"renderers":"auto","tooltips":[["m/z","@mz"],["intensity","@intensity"],["native id","@native_id"],["ion annotation","@ion_annotation"]]}}]}},"toolbar_location":"above","left":[{"type":"object","name":"LinearAxis","id":"p4767","attributes":{"ticker":{"type":"object","name":"BasicTicker","id":"p4768","attributes":{"mantissas":[1,2,5]}},"formatter":{"type":"object","name":"BasicTickFormatter","id":"p4769"},"axis_label":"Intensity","axis_label_text_font_size":"16pt","major_label_policy":{"type":"object","name":"AllLabels","id":"p4770"},"major_label_text_font_size":"14pt"}}],"right":[{"type":"object","name":"Legend","id":"p4857","attributes":{"title":"Trace","click_policy":"mute","label_text_font_size":"10pt","items":[{"type":"object","name":"LegendItem","id":"p4858","attributes":{"label":{"type":"value","value":"a+"},"renderers":[{"id":"p4794"}]}},{"type":"object","name":"LegendItem","id":"p4859","attributes":{"label":{"type":"value","value":"b3+"},"renderers":[{"id":"p4806"}]}},{"type":"object","name":"LegendItem","id":"p4860","attributes":{"label":{"type":"value","value":"c5+"},"renderers":[{"id":"p4818"}]}},{"type":"object","name":"LegendItem","id":"p4861","attributes":{"label":{"type":"value","value":"y9+"},"renderers":[{"id":"p4830"}]}},{"type":"object","name":"LegendItem","id":"p4862","attributes":{"label":{"type":"value","value":"z3+"},"renderers":[{"id":"p4842"}]}},{"type":"object","name":"LegendItem","id":"p4863","attributes":{"label":{"type":"value","value":"x4+"},"renderers":[{"id":"p4854"}]}}]}}],"below":[{"type":"object","name":"LinearAxis","id":"p4762","attributes":{"ticker":{"type":"object","name":"BasicTicker","id":"p4763","attributes":{"mantissas":[1,2,5]}},"formatter":{"type":"object","name":"BasicTickFormatter","id":"p4764"},"axis_label":"mass-to-charge","axis_label_text_font_size":"16pt","major_label_policy":{"type":"object","name":"AllLabels","id":"p4765"},"major_label_text_font_size":"14pt"}}],"center":[{"type":"object","name":"Grid","id":"p4766","attributes":{"axis":{"id":"p4762"}}},{"type":"object","name":"Grid","id":"p4771","attributes":{"dimension":1,"axis":{"id":"p4767"}}},{"type":"object","name":"Label","id":"p4865","attributes":{"text":"100.5332\nc5+\ncustom3","text_color":"black","text_font_size":"13pt","x":100.5332,"y":25,"x_offset":1}},{"type":"object","name":"Label","id":"p4866","attributes":{"text":"74.1324\nb3+\ncustom2","text_color":"black","text_font_size":"13pt","x":74.1324,"y":20,"x_offset":1}},{"type":"object","name":"Label","id":"p4867","attributes":{"text":"200.4232\nx4+\ncustom8","text_color":"black","text_font_size":"13pt","x":200.4232,"y":17,"x_offset":1}},{"type":"object","name":"Label","id":"p4868","attributes":{"text":"160.2\ny9+\ncustom6","text_color":"black","text_font_size":"13pt","x":160.2,"y":13,"x_offset":1}},{"type":"object","name":"Label","id":"p4869","attributes":{"text":"101.545\nc5+\ncustom4","text_color":"black","text_font_size":"13pt","x":101.545,"y":12,"x_offset":1}},{"type":"object","name":"Span","id":"p4870","attributes":{"location":0,"line_color":"#EEEEEE","line_width":2}}],"min_border":0}}]}}
    </script>
    <script type="text/javascript">
      (function() {
        const fn = function() {
          Bokeh.safely(function() {
            (function(root) {
              function embed_document(root) {
              const docs_json = document.getElementById('ed20e6ac-0f6f-4419-9ace-03b739f8a15b').textContent;
              const render_items = [{"docid":"8294f9da-0af1-42c5-a029-d1d1eadc9143","roots":{"p4750":"ea0f8f04-c975-4af3-8883-23200c34880d"},"root_ids":["p4750"]}];
              root.Bokeh.embed.embed_items(docs_json, render_items);
              }
              if (root.Bokeh !== undefined) {
                embed_document(root);
              } else {
                let attempts = 0;
                const timer = setInterval(function(root) {
                  if (root.Bokeh !== undefined) {
                    clearInterval(timer);
                    embed_document(root);
                  } else {
                    attempts++;
                    if (attempts > 100) {
                      clearInterval(timer);
                      console.log("Bokeh: ERROR: Unable to run BokehJS code because BokehJS library is missing");
                    }
                  }
                }, 10, root)
              }
            })(window);
          });
        };
        if (document.readyState != "loading") fn();
        else document.addEventListener("DOMContentLoaded", fn);
      })();
    </script>
  </body>
</html>