<!DOCTYPE html>
<html lang="en">
  <head>
    <meta charset="utf-8">
    <title>Bokeh Application</title>
    <style>
      html, body {
        box-sizing: border-box;
        display: flow-root;
        height: 100%;
        margin: 0;
        padding: 0;
      }
    </style>
    <script type="text/javascript" src="https://cdn.bokeh.org/bokeh/release/bokeh-3.6.0.min.js"></script>
    <script type="text/javascript">
        Bokeh.set_log_level("info");
    </script>
  </head>
  <body>
    <div id="bbda5096-1e29-4442-acd9-5a4f281c66c9" data-root-id="p1001" style="display: contents;"></div>
  
    <script type="application/json" id="e8179e81-ceac-42ee-9340-e9072dac9323">
      {"a28e92e1-13cb-4c93-973e-5020058b51c7":{"version":"3.6.0","title":"Bokeh Application","roots":[{"type":"object","name":"Figure","id":"p1001","attributes":{"width":500,"height":500,"x_range":{"type":"object","name":"Range1d","id":"p1054","attributes":{"start":40.791199999999996,"end":241.10784}},"y_range":{"type":"object","name":"Range1d","id":"p1055","attributes":{"end":28.75}},"x_scale":{"type":"object","name":"LinearScale","id":"p1011"},"y_scale":{"type":"object","name":"LinearScale","id":"p1012"},"title":{"type":"object","name":"Title","id":"p1004","attributes":{"text":"Mass Spectrum","text_font_size":"18pt"}},"renderers":[{"type":"object","name":"GlyphRenderer","id":"p1045","attributes":{"data_source":{"type":"object","name":"ColumnDataSource","id":"p1036","attributes":{"selected":{"type":"object","name":"Selection","id":"p1037","attributes":{"indices":[],"line_indices":[]}},"selection_policy":{"type":"object","name":"UnionRenderers","id":"p1038"},"data":{"type":"map","entries":[["index",{"type":"ndarray","array":{"type":"bytes","data":"AAAAAAAAAAAAAAAAAQAAAAEAAAABAAAAAgAAAAIAAAACAAAAAwAAAAMAAAADAAAABAAAAAQAAAAEAAAABQAAAAUAAAAFAAAABgAAAAYAAAAGAAAABwAAAAcAAAAHAAAACAAAAAgAAAAIAAAA"},"shape":[27],"dtype":"int32","order":"little"}],["mz",{"type":"ndarray","array":{"type":"bytes","data":"O99PjZd+SUA730+Nl35JQDvfT42XfklAY3/ZPXmIUkBjf9k9eYhSQGN/2T15iFJAio7k8h8iWUCKjuTyHyJZQIqO5PIfIllAexSuR+FiWUB7FK5H4WJZQHsUrkfhYllALpCg+DGiWUAukKD4MaJZQC6QoPgxollAZmZmZmYGZEBmZmZmZgZkQGZmZmZmBmRAsp3vp8b/ZUCyne+nxv9lQLKd76fG/2VAWvW52ooNaUBa9bnaig1pQFr1udqKDWlAWvW52oodaUBa9bnaih1pQFr1udqKHWlA"},"shape":[27],"dtype":"float64","order":"little"}],["intensity",{"type":"ndarray","array":{"type":"bytes","data":"AAAAAAoAAAAAAAAAAAAAABQAAAAAAAAAAAAAABkAAAAAAAAAAAAAAAwAAAAAAAAAAAAAAAYAAAAAAAAAAAAAAA0AAAAAAAAAAAAAAAgAAAAAAAAAAAAAABEAAAAAAAAAAAAAAAcAAAAAAAAA"},"shape":[27],"dtype":"int32","order":"little"}]]}}},"view":{"type":"object","name":"CDSView","id":"p1046","attributes":{"filter":{"type":"object","name":"AllIndices","id":"p1047"}}},"glyph":{"type":"object","name":"Line","id":"p1042","attributes":{"x":{"type":"field","field":"mz"},"y":{"type":"field","field":"intensity"},"line_color":"#4575B4"}},"nonselection_glyph":{"type":"object","name":"Line","id":"p1043","attributes":{"x":{"type":"field","field":"mz"},"y":{"type":"field","field":"intensity"},"line_color":"#4575B4","line_alpha":0.1}},"muted_glyph":{"type":"object","name":"Line","id":"p1044","attributes":{"x":{"type":"field","field":"mz"},"y":{"type":"field","field":"intensity"},"line_color":"#4575B4","line_alpha":0.2}}}}],"toolbar":{"type":"object","name":"Toolbar","id":"p1010","attributes":{"tools":[{"type":"object","name":"PanTool","id":"p1023"},{"type":"object","name":"WheelZoomTool","id":"p1024","attributes":{"renderers":"auto"}},{"type":"object","name":"BoxZoomTool","id":"p1025","attributes":{"overlay":{"type":"object","name":"BoxAnnotation","id":"p1026","attributes":{"syncable":false,"line_color":"black","line_alpha":1.0,"line_width":2,"line_dash":[4,4],"fill_color":"lightgrey","fill_alpha":0.5,"level":"overlay","visible":false,"left":{"type":"number","value":"nan"},"right":{"type":"number","value":"nan"},"top":{"type":"number","value":"nan"},"bottom":{"type":"number","value":"nan"},"left_units":"canvas","right_units":"canvas","top_units":"canvas","bottom_units":"canvas","handles":{"type":"object","name":"BoxInteractionHandles","id":"p1032","attributes":{"all":{"type":"object","name":"AreaVisuals","id":"p1031","attributes":{"fill_color":"white","hover_fill_color":"lightgray"}}}}}}}},{"type":"object","name":"SaveTool","id":"p1033"},{"type":"object","name":"ResetTool","id":"p1034"},{"type":"object","name":"HelpTool","id":"p1035"},{"type":"object","name":"HoverTool","id":"p1048","attributes":{"renderers":"auto","tooltips":[["m/z","@mz"],["intensity","@intensity"],["native id","@native_id"]]}}]}},"toolbar_location":"above","left":[{"type":"object","name":"LinearAxis","id":"p1018","attributes":{"ticker":{"type":"object","name":"BasicTicker","id":"p1019","attributes":{"mantissas":[1,2,5]}},"formatter":{"type":"object","name":"BasicTickFormatter","id":"p1020"},"axis_label":"Intensity","axis_label_text_font_size":"16pt","major_label_policy":{"type":"object","name":"AllLabels","id":"p1021"},"major_label_text_font_size":"14pt"}}],"below":[{"type":"object","name":"LinearAxis","id":"p1013","attributes":{"ticker":{"type":"object","name":"BasicTicker","id":"p1014","attributes":{"mantissas":[1,2,5]}},"formatter":{"type":"object","name":"BasicTickFormatter","id":"p1015"},"axis_label":"mass-to-charge","axis_label_text_font_size":"16pt","major_label_policy":{"type":"object","name":"AllLabels","id":"p1016"},"major_label_text_font_size":"14pt"}}],"center":[{"type":"object","name":"Grid","id":"p1017","attributes":{"axis":{"id":"p1013"}}},{"type":"object","name":"Grid","id":"p1022","attributes":{"dimension":1,"axis":{"id":"p1018"}}},{"type":"object","name":"Label","id":"p1049","attributes":{"text":"100.5332","text_color":"black","text_font_size":"13pt","x":100.5332,"y":25,"x_offset":1}},{"type":"object","name":"Label","id":"p1050","attributes":{"text":"74.1324","text_color":"black","text_font_size":"13pt","x":74.1324,"y":20,"x_offset":1}},{"type":"object","name":"Label","id":"p1051","attributes":{"text":"200.4232","text_color":"black","text_font_size":"13pt","x":200.4232,"y":17,"x_offset":1}},{"type":"object","name":"Label","id":"p1052","attributes":{"text":"160.2","text_color":"black","text_font_size":"13pt","x":160.2,"y":13,"x_offset":1}},{"type":"object","name":"Label","id":"p1053","attributes":{"text":"101.545","text_color":"black","text_font_size":"13pt","x":101.545,"y":12,"x_offset":1}}],"min_border":0}}]}}
    </script>
    <script type="text/javascript">
      (function() {
        const fn = function() {
          Bokeh.safely(function() {
            (function(root) {
              function embed_document(root) {
              const docs_json = document.getElementById('e8179e81-ceac-42ee-9340-e9072dac9323').textContent;
              const render_items = [{"docid":"a28e92e1-13cb-4c93-973e-5020058b51c7","roots":{"p1001":"bbda5096-1e29-4442-acd9-5a4f281c66c9"},"root_ids":["p1001"]}];
              root.Bokeh.embed.embed_items(docs_json, render_items);
              }
              if (root.Bokeh !== undefined) {
                embed_document(root);
              } else {
                let attempts = 0;
                const timer = setInterval(function(root) {
                  if (root.Bokeh !== undefined) {
                    clearInterval(timer);
                    embed_document(root);
                  } else {
                    attempts++;
                    if (attempts > 100) {
                      clearInterval(timer);
                      console.log("Bokeh: ERROR: Unable to run BokehJS code because BokehJS library is missing");
                    }
                  }
                }, 10, root)
              }
            })(window);
          });
        };
        if (document.readyState != "loading") fn();
        else document.addEventListener("DOMContentLoaded", fn);
      })();
    </script>
  </body>
</html>