<!DOCTYPE html>
<html lang="en">
  <head>
    <meta charset="utf-8">
    <title>Bokeh Application</title>
    <style>
      html, body {
        box-sizing: border-box;
        display: flow-root;
        height: 100%;
        margin: 0;
        padding: 0;
      }
    </style>
    <script type="text/javascript" src="https://cdn.bokeh.org/bokeh/release/bokeh-3.4.1.min.js"></script>
    <script type="text/javascript">
        Bokeh.set_log_level("info");
    </script>
  </head>
  <body>
    <div id="a49ed7a2-f1ed-4e63-9cb6-245d6baad6b9" data-root-id="p1057" style="display: contents;"></div>
  
    <script type="application/json" id="e4caa0fa-7d70-4615-b005-094a416641b1">
      {"be76f2ff-2019-4ab3-87f9-3d51d0133d02":{"version":"3.4.1","title":"Bokeh Application","roots":[{"type":"object","name":"Figure","id":"p1057","attributes":{"width":500,"height":500,"x_range":{"type":"object","name":"Range1d","id":"p1107","attributes":{"start":40.791199999999996,"end":240.50784000000002}},"y_range":{"type":"object","name":"Range1d","id":"p1108","attributes":{"end":28.75}},"x_scale":{"type":"object","name":"LinearScale","id":"p1067"},"y_scale":{"type":"object","name":"LinearScale","id":"p1068"},"title":{"type":"object","name":"Title","id":"p1060","attributes":{"text":"Mass Spectrum","text_font_size":"18pt"}},"renderers":[{"type":"object","name":"GlyphRenderer","id":"p1099","attributes":{"data_source":{"type":"object","name":"ColumnDataSource","id":"p1090","attributes":{"selected":{"type":"object","name":"Selection","id":"p1091","attributes":{"indices":[],"line_indices":[]}},"selection_policy":{"type":"object","name":"UnionRenderers","id":"p1092"},"data":{"type":"map","entries":[["index",{"type":"ndarray","array":{"type":"bytes","data":"AAAAAAEAAAACAAAAAwAAAA=="},"shape":[4],"dtype":"int32","order":"little"}],["mz",{"type":"ndarray","array":{"type":"bytes","data":"XI/C9ShiWUBa9bnaig1pQDvfT42XfklAY3/ZPXmIUkA="},"shape":[4],"dtype":"float64","order":"little"}],["intensity",{"type":"ndarray","array":{"type":"bytes","data":"GQAAABEAAAAKAAAAFAAAAA=="},"shape":[4],"dtype":"int32","order":"little"}],["line_color",{"type":"ndarray","array":["#4575B4","#4575B4","#4575B4","#4575B4"],"shape":[4],"dtype":"object","order":"little"}],["line_width",{"type":"ndarray","array":{"type":"bytes","data":"AAAAAAAABEAAAAAAAAAEQAAAAAAAAARAAAAAAAAABEA="},"shape":[4],"dtype":"float64","order":"little"}]]}}},"view":{"type":"object","name":"CDSView","id":"p1100","attributes":{"filter":{"type":"object","name":"AllIndices","id":"p1101"}}},"glyph":{"type":"object","name":"Segment","id":"p1096","attributes":{"x0":{"type":"field","field":"mz"},"y0":{"type":"value","value":0},"x1":{"type":"field","field":"mz"},"y1":{"type":"field","field":"intensity"},"line_color":{"type":"field","field":"line_color"},"line_width":{"type":"field","field":"line_width"}}},"nonselection_glyph":{"type":"object","name":"Segment","id":"p1097","attributes":{"x0":{"type":"field","field":"mz"},"y0":{"type":"value","value":0},"x1":{"type":"field","field":"mz"},"y1":{"type":"field","field":"intensity"},"line_color":{"type":"field","field":"line_color"},"line_alpha":{"type":"value","value":0.1},"line_width":{"type":"field","field":"line_width"}}},"muted_glyph":{"type":"object","name":"Segment","id":"p1098","attributes":{"x0":{"type":"field","field":"mz"},"y0":{"type":"value","value":0},"x1":{"type":"field","field":"mz"},"y1":{"type":"field","field":"intensity"},"line_color":{"type":"field","field":"line_color"},"line_alpha":{"type":"value","value":0.2},"line_width":{"type":"field","field":"line_width"}}}}}],"toolbar":{"type":"object","name":"Toolbar","id":"p1066","attributes":{"tools":[{"type":"object","name":"PanTool","id":"p1079"},{"type":"object","name":"WheelZoomTool","id":"p1080","attributes":{"renderers":"auto"}},{"type":"object","name":"BoxZoomTool","id":"p1081","attributes":{"overlay":{"type":"object","name":"BoxAnnotation","id":"p1082","attributes":{"syncable":false,"level":"overlay","visible":false,"left":{"type":"number","value":"nan"},"right":{"type":"number","value":"nan"},"top":{"type":"number","value":"nan"},"bottom":{"type":"number","value":"nan"},"left_units":"canvas","right_units":"canvas","top_units":"canvas","bottom_units":"canvas","line_color":"black","line_alpha":1.0,"line_width":2,"line_dash":[4,4],"fill_color":"lightgrey","fill_alpha":0.5}}}},{"type":"object","name":"SaveTool","id":"p1087"},{"type":"object","name":"ResetTool","id":"p1088"},{"type":"object","name":"HelpTool","id":"p1089"},{"type":"object","name":"HoverTool","id":"p1102","attributes":{"renderers":"auto","tooltips":[["m/z","@mz"],["intensity","@intensity"],["native id","@native_id"]]}}]}},"toolbar_location":"above","left":[{"type":"object","name":"LinearAxis","id":"p1074","attributes":{"ticker":{"type":"object","name":"BasicTicker","id":"p1075","attributes":{"mantissas":[1,2,5]}},"formatter":{"type":"object","name":"BasicTickFormatter","id":"p1076"},"axis_label":"INTENSITY","axis_label_text_font_size":"16pt","major_label_policy":{"type":"object","name":"AllLabels","id":"p1077"},"major_label_text_font_size":"14pt"}}],"below":[{"type":"object","name":"LinearAxis","id":"p1069","attributes":{"ticker":{"type":"object","name":"BasicTicker","id":"p1070","attributes":{"mantissas":[1,2,5]}},"formatter":{"type":"object","name":"BasicTickFormatter","id":"p1071"},"axis_label":"RETENTION","axis_label_text_font_size":"16pt","major_label_policy":{"type":"object","name":"AllLabels","id":"p1072"},"major_label_text_font_size":"14pt"}}],"center":[{"type":"object","name":"Grid","id":"p1073","attributes":{"axis":{"id":"p1069"}}},{"type":"object","name":"Grid","id":"p1078","attributes":{"dimension":1,"axis":{"id":"p1074"}}},{"type":"object","name":"Label","id":"p1103","attributes":{"text":"101.5337","text_color":"#4575B4","text_font_size":"13pt","x":101.53375,"y":25,"x_offset":1}},{"type":"object","name":"Label","id":"p1104","attributes":{"text":"74.1324","text_color":"#4575B4","text_font_size":"13pt","x":74.1324,"y":20,"x_offset":1}},{"type":"object","name":"Label","id":"p1105","attributes":{"text":"200.4232","text_color":"#4575B4","text_font_size":"13pt","x":200.4232,"y":17,"x_offset":1}},{"type":"object","name":"Label","id":"p1106","attributes":{"text":"50.989","text_color":"#4575B4","text_font_size":"13pt","x":50.989,"y":10,"x_offset":1}}],"min_border":0}}]}}
    </script>
    <script type="text/javascript">
      (function() {
        const fn = function() {
          Bokeh.safely(function() {
            (function(root) {
              function embed_document(root) {
              const docs_json = document.getElementById('e4caa0fa-7d70-4615-b005-094a416641b1').textContent;
              const render_items = [{"docid":"be76f2ff-2019-4ab3-87f9-3d51d0133d02","roots":{"p1057":"a49ed7a2-f1ed-4e63-9cb6-245d6baad6b9"},"root_ids":["p1057"]}];
              root.Bokeh.embed.embed_items(docs_json, render_items);
              }
              if (root.Bokeh !== undefined) {
                embed_document(root);
              } else {
                let attempts = 0;
                const timer = setInterval(function(root) {
                  if (root.Bokeh !== undefined) {
                    clearInterval(timer);
                    embed_document(root);
                  } else {
                    attempts++;
                    if (attempts > 100) {
                      clearInterval(timer);
                      console.log("Bokeh: ERROR: Unable to run BokehJS code because BokehJS library is missing");
                    }
                  }
                }, 10, root)
              }
            })(window);
          });
        };
        if (document.readyState != "loading") fn();
        else document.addEventListener("DOMContentLoaded", fn);
      })();
    </script>
  </body>
</html>