<!DOCTYPE html>
<html lang="en">
  <head>
    <meta charset="utf-8">
    <title>Bokeh Application</title>
    <style>
      html, body {
        box-sizing: border-box;
        display: flow-root;
        height: 100%;
        margin: 0;
        padding: 0;
      }
    </style>
    <script type="text/javascript" src="https://cdn.bokeh.org/bokeh/release/bokeh-3.6.0.min.js"></script>
    <script type="text/javascript">
        Bokeh.set_log_level("info");
    </script>
  </head>
  <body>
    <div id="e1273579-811b-48e9-a252-61f36b251436" data-root-id="p1433" style="display: contents;"></div>
  
    <script type="application/json" id="f3a188d3-d54e-459e-a4a7-e448cc59eb09">
      {"c3035294-5a50-49fe-b560-9973111cc890":{"version":"3.6.0","title":"Bokeh Application","roots":[{"type":"object","name":"Figure","id":"p1433","attributes":{"width":500,"height":500,"x_range":{"type":"object","name":"Range1d","id":"p1485","attributes":{"start":52.78592,"end":223.11576}},"y_range":{"type":"object","name":"Range1d","id":"p1486","attributes":{"end":28.75}},"x_scale":{"type":"object","name":"LinearScale","id":"p1443"},"y_scale":{"type":"object","name":"LinearScale","id":"p1444"},"title":{"type":"object","name":"Title","id":"p1436","attributes":{"text":"Mass Spectrum","text_font_size":"18pt"}},"renderers":[{"type":"object","name":"GlyphRenderer","id":"p1477","attributes":{"data_source":{"type":"object","name":"ColumnDataSource","id":"p1468","attributes":{"selected":{"type":"object","name":"Selection","id":"p1469","attributes":{"indices":[],"line_indices":[]}},"selection_policy":{"type":"object","name":"UnionRenderers","id":"p1470"},"data":{"type":"map","entries":[["index",{"type":"ndarray","array":{"type":"bytes","data":"AAAAAAAAAAAAAAAAAQAAAAEAAAABAAAAAgAAAAIAAAACAAAAAwAAAAMAAAADAAAA"},"shape":[12],"dtype":"int32","order":"little"}],["mz",{"type":"ndarray","array":{"type":"bytes","data":"bHh6pSx+Y0BseHqlLH5jQGx4eqUsfmNARPrt68A9Z0BE+u3rwD1nQET67evAPWdAyeU/pN9+UEDJ5T+k335QQMnlP6TfflBAeekmMQj+V0B56SYxCP5XQHnpJjEI/ldA"},"shape":[12],"dtype":"float64","order":"little"}],["intensity",{"type":"ndarray","array":{"type":"bytes","data":"AAAAAA0AAAAAAAAAAAAAABEAAAAAAAAAAAAAABQAAAAAAAAAAAAAABkAAAAAAAAA"},"shape":[12],"dtype":"int32","order":"little"}]]}}},"view":{"type":"object","name":"CDSView","id":"p1478","attributes":{"filter":{"type":"object","name":"AllIndices","id":"p1479"}}},"glyph":{"type":"object","name":"Line","id":"p1474","attributes":{"x":{"type":"field","field":"mz"},"y":{"type":"field","field":"intensity"},"line_color":"#4575B4"}},"nonselection_glyph":{"type":"object","name":"Line","id":"p1475","attributes":{"x":{"type":"field","field":"mz"},"y":{"type":"field","field":"intensity"},"line_color":"#4575B4","line_alpha":0.1}},"muted_glyph":{"type":"object","name":"Line","id":"p1476","attributes":{"x":{"type":"field","field":"mz"},"y":{"type":"field","field":"intensity"},"line_color":"#4575B4","line_alpha":0.2}}}}],"toolbar":{"type":"object","name":"Toolbar","id":"p1442","attributes":{"tools":[{"type":"object","name":"PanTool","id":"p1455"},{"type":"object","name":"WheelZoomTool","id":"p1456","attributes":{"renderers":"auto"}},{"type":"object","name":"BoxZoomTool","id":"p1457","attributes":{"overlay":{"type":"object","name":"BoxAnnotation","id":"p1458","attributes":{"syncable":false,"line_color":"black","line_alpha":1.0,"line_width":2,"line_dash":[4,4],"fill_color":"lightgrey","fill_alpha":0.5,"level":"overlay","visible":false,"left":{"type":"number","value":"nan"},"right":{"type":"number","value":"nan"},"top":{"type":"number","value":"nan"},"bottom":{"type":"number","value":"nan"},"left_units":"canvas","right_units":"canvas","top_units":"canvas","bottom_units":"canvas","handles":{"type":"object","name":"BoxInteractionHandles","id":"p1464","attributes":{"all":{"type":"object","name":"AreaVisuals","id":"p1463","attributes":{"fill_color":"white","hover_fill_color":"lightgray"}}}}}}}},{"type":"object","name":"SaveTool","id":"p1465"},{"type":"object","name":"ResetTool","id":"p1466"},{"type":"object","name":"HelpTool","id":"p1467"},{"type":"object","name":"HoverTool","id":"p1480","attributes":{"renderers":"auto","tooltips":[["m/z","@mz"],["intensity","@intensity"],["native id","@native_id"]]}}]}},"toolbar_location":"above","left":[{"type":"object","name":"LinearAxis","id":"p1450","attributes":{"ticker":{"type":"object","name":"BasicTicker","id":"p1451","attributes":{"mantissas":[1,2,5]}},"formatter":{"type":"object","name":"BasicTickFormatter","id":"p1452"},"axis_label":"Intensity","axis_label_text_font_size":"16pt","major_label_policy":{"type":"object","name":"AllLabels","id":"p1453"},"major_label_text_font_size":"14pt"}}],"below":[{"type":"object","name":"LinearAxis","id":"p1445","attributes":{"ticker":{"type":"object","name":"BasicTicker","id":"p1446","attributes":{"mantissas":[1,2,5]}},"formatter":{"type":"object","name":"BasicTickFormatter","id":"p1447"},"axis_label":"mass-to-charge","axis_label_text_font_size":"16pt","major_label_policy":{"type":"object","name":"AllLabels","id":"p1448"},"major_label_text_font_size":"14pt"}}],"center":[{"type":"object","name":"Grid","id":"p1449","attributes":{"axis":{"id":"p1445"}}},{"type":"object","name":"Grid","id":"p1454","attributes":{"dimension":1,"axis":{"id":"p1450"}}},{"type":"object","name":"Label","id":"p1481","attributes":{"text":"95.9693","text_color":"black","text_font_size":"13pt","x":95.96925,"y":25,"x_offset":1}},{"type":"object","name":"Label","id":"p1482","attributes":{"text":"65.9824","text_color":"black","text_font_size":"13pt","x":65.9824,"y":20,"x_offset":1}},{"type":"object","name":"Label","id":"p1483","attributes":{"text":"185.9298","text_color":"black","text_font_size":"13pt","x":185.9298,"y":17,"x_offset":1}},{"type":"object","name":"Label","id":"p1484","attributes":{"text":"155.9429","text_color":"black","text_font_size":"13pt","x":155.94295,"y":13,"x_offset":1}}],"min_border":0}}]}}
    </script>
    <script type="text/javascript">
      (function() {
        const fn = function() {
          Bokeh.safely(function() {
            (function(root) {
              function embed_document(root) {
              const docs_json = document.getElementById('f3a188d3-d54e-459e-a4a7-e448cc59eb09').textContent;
              const render_items = [{"docid":"c3035294-5a50-49fe-b560-9973111cc890","roots":{"p1433":"e1273579-811b-48e9-a252-61f36b251436"},"root_ids":["p1433"]}];
              root.Bokeh.embed.embed_items(docs_json, render_items);
              }
              if (root.Bokeh !== undefined) {
                embed_document(root);
              } else {
                let attempts = 0;
                const timer = setInterval(function(root) {
                  if (root.Bokeh !== undefined) {
                    clearInterval(timer);
                    embed_document(root);
                  } else {
                    attempts++;
                    if (attempts > 100) {
                      clearInterval(timer);
                      console.log("Bokeh: ERROR: Unable to run BokehJS code because BokehJS library is missing");
                    }
                  }
                }, 10, root)
              }
            })(window);
          });
        };
        if (document.readyState != "loading") fn();
        else document.addEventListener("DOMContentLoaded", fn);
      })();
    </script>
  </body>
</html>